../Core/Src/ApplicationCode.c:46:6:ApplicationInit	8	static
../Core/Src/ApplicationCode.c:71:6:LCD_Draw_Rect	32	static
../Core/Src/ApplicationCode.c:85:6:LCD_DisplayString	24	static
../Core/Src/ApplicationCode.c:102:6:drawMenuScreen	24	static
../Core/Src/ApplicationCode.c:122:10:getSlotColor	16	static
../Core/Src/ApplicationCode.c:134:6:initializeGameBoard	16	static
../Core/Src/ApplicationCode.c:143:6:drawGameBoard	32	static
../Core/Src/ApplicationCode.c:169:6:drawGameOverScreen	80	static
../Core/Src/ApplicationCode.c:228:6:drawPreviewCoin	16	static
../Core/Src/ApplicationCode.c:249:5:findLowestEmptyRow	24	static
../Core/Src/ApplicationCode.c:262:6:dropCoin	24	static
../Core/Src/ApplicationCode.c:338:6:handleTouchInput	32	static
../Core/Src/ApplicationCode.c:407:6:isTouchInside	16	static
../Core/Src/ApplicationCode.c:412:6:handleGameTouchInput	16	static
../Core/Src/ApplicationCode.c:433:6:pollHardwareButton	16	static
../Core/Src/ApplicationCode.c:459:6:handleAITurn	32	static
../Core/Src/ApplicationCode.c:516:6:checkWin	48	static
../Core/Src/ApplicationCode.c:568:6:checkTie	16	static
