../Core/Src/ApplicationCode.c:46:6:ApplicationInit	8	static
../Core/Src/ApplicationCode.c:71:6:LCD_Draw_Rect	32	static
../Core/Src/ApplicationCode.c:85:6:LCD_DisplayString	24	static
../Core/Src/ApplicationCode.c:100:6:drawMenuScreen	24	static
../Core/Src/ApplicationCode.c:120:10:getSlotColor	16	static
../Core/Src/ApplicationCode.c:132:6:initializeGameBoard	16	static
../Core/Src/ApplicationCode.c:141:6:drawGameBoard	32	static
../Core/Src/ApplicationCode.c:166:6:drawGameOverScreen	80	static
../Core/Src/ApplicationCode.c:223:6:drawPreviewCoin	16	static
../Core/Src/ApplicationCode.c:244:5:findLowestEmptyRow	24	static
../Core/Src/ApplicationCode.c:257:6:dropCoin	24	static
../Core/Src/ApplicationCode.c:333:6:handleTouchInput	32	static
../Core/Src/ApplicationCode.c:403:6:isTouchInside	16	static
../Core/Src/ApplicationCode.c:408:6:handleGameTouchInput	16	static
../Core/Src/ApplicationCode.c:429:6:pollHardwareButton	16	static
../Core/Src/ApplicationCode.c:455:6:handleAITurn	32	static
../Core/Src/ApplicationCode.c:512:6:checkWin	48	static
../Core/Src/ApplicationCode.c:564:6:checkTie	16	static
