../Core/Src/ApplicationCode.c:20:6:ApplicationInit	8	static
../Core/Src/ApplicationCode.c:45:6:LCD_Draw_Rect	32	static
../Core/Src/ApplicationCode.c:59:6:LCD_DisplayString	24	static
../Core/Src/ApplicationCode.c:76:6:drawMenuScreen	24	static
../Core/Src/ApplicationCode.c:92:6:handleTouchInput	40	static
../Core/Src/ApplicationCode.c:132:6:isTouchInside	16	static
../Core/Src/ApplicationCode.c:137:6:handleHardwareButton	16	static
../Core/Src/ApplicationCode.c:160:6:LCD_Visual_Demo	8	static
../Core/Src/ApplicationCode.c:165:6:LCD_Start_Menu	8	static
../Core/Src/ApplicationCode.c:170:6:LCD_Touch_Polling_Demo	8	static
