../Core/Src/main.c:78:5:main	8	static
../Core/Src/main.c:131:6:Scheduler_Run	16	static
../Core/Src/main.c:163:6:SystemClock_Config	88	static
../Core/Src/main.c:209:13:MX_I2C3_Init	8	static
../Core/Src/main.c:257:13:MX_LTDC_Init	112	static
../Core/Src/main.c:339:13:MX_RNG_Init	8	static
../Core/Src/main.c:365:13:MX_SPI5_Init	8	static
../Core/Src/main.c:403:13:MX_TIM2_Init	32	static
../Core/Src/main.c:448:13:MX_GPIO_Init	64	static
../Core/Src/main.c:622:6:Error_Handler	4	static,ignoring_inline_asm
