Archive member included to satisfy reference by file (symbol)

/Applications/STM32CubeIDE.app/Contents/Eclipse/plugins/com.st.stm32cube.ide.mcu.externaltools.gnu-tools-for-stm32.13.3.rel1.macos64_1.0.0.202411102158/tools/bin/../lib/gcc/arm-none-eabi/13.3.1/../../../../arm-none-eabi/lib/thumb/v7e-m+fp/hard/libc_nano.a(libc_a-exit.o)
                              /Applications/STM32CubeIDE.app/Contents/Eclipse/plugins/com.st.stm32cube.ide.mcu.externaltools.gnu-tools-for-stm32.13.3.rel1.macos64_1.0.0.202411102158/tools/bin/../lib/gcc/arm-none-eabi/13.3.1/../../../../arm-none-eabi/lib/thumb/v7e-m+fp/hard/crt0.o (exit)
/Applications/STM32CubeIDE.app/Contents/Eclipse/plugins/com.st.stm32cube.ide.mcu.externaltools.gnu-tools-for-stm32.13.3.rel1.macos64_1.0.0.202411102158/tools/bin/../lib/gcc/arm-none-eabi/13.3.1/../../../../arm-none-eabi/lib/thumb/v7e-m+fp/hard/libc_nano.a(libc_a-findfp.o)
                              /Applications/STM32CubeIDE.app/Contents/Eclipse/plugins/com.st.stm32cube.ide.mcu.externaltools.gnu-tools-for-stm32.13.3.rel1.macos64_1.0.0.202411102158/tools/bin/../lib/gcc/arm-none-eabi/13.3.1/../../../../arm-none-eabi/lib/thumb/v7e-m+fp/hard/libc_nano.a(libc_a-exit.o) (__stdio_exit_handler)
/Applications/STM32CubeIDE.app/Contents/Eclipse/plugins/com.st.stm32cube.ide.mcu.externaltools.gnu-tools-for-stm32.13.3.rel1.macos64_1.0.0.202411102158/tools/bin/../lib/gcc/arm-none-eabi/13.3.1/../../../../arm-none-eabi/lib/thumb/v7e-m+fp/hard/libc_nano.a(libc_a-fwalk.o)
                              /Applications/STM32CubeIDE.app/Contents/Eclipse/plugins/com.st.stm32cube.ide.mcu.externaltools.gnu-tools-for-stm32.13.3.rel1.macos64_1.0.0.202411102158/tools/bin/../lib/gcc/arm-none-eabi/13.3.1/../../../../arm-none-eabi/lib/thumb/v7e-m+fp/hard/libc_nano.a(libc_a-findfp.o) (_fwalk_sglue)
/Applications/STM32CubeIDE.app/Contents/Eclipse/plugins/com.st.stm32cube.ide.mcu.externaltools.gnu-tools-for-stm32.13.3.rel1.macos64_1.0.0.202411102158/tools/bin/../lib/gcc/arm-none-eabi/13.3.1/../../../../arm-none-eabi/lib/thumb/v7e-m+fp/hard/libc_nano.a(libc_a-printf.o)
                              ./Core/Src/ApplicationCode.o (printf)
/Applications/STM32CubeIDE.app/Contents/Eclipse/plugins/com.st.stm32cube.ide.mcu.externaltools.gnu-tools-for-stm32.13.3.rel1.macos64_1.0.0.202411102158/tools/bin/../lib/gcc/arm-none-eabi/13.3.1/../../../../arm-none-eabi/lib/thumb/v7e-m+fp/hard/libc_nano.a(libc_a-puts.o)
                              ./Core/Src/ApplicationCode.o (puts)
/Applications/STM32CubeIDE.app/Contents/Eclipse/plugins/com.st.stm32cube.ide.mcu.externaltools.gnu-tools-for-stm32.13.3.rel1.macos64_1.0.0.202411102158/tools/bin/../lib/gcc/arm-none-eabi/13.3.1/../../../../arm-none-eabi/lib/thumb/v7e-m+fp/hard/libc_nano.a(libc_a-memset.o)
                              /Applications/STM32CubeIDE.app/Contents/Eclipse/plugins/com.st.stm32cube.ide.mcu.externaltools.gnu-tools-for-stm32.13.3.rel1.macos64_1.0.0.202411102158/tools/bin/../lib/gcc/arm-none-eabi/13.3.1/../../../../arm-none-eabi/lib/thumb/v7e-m+fp/hard/crt0.o (memset)
/Applications/STM32CubeIDE.app/Contents/Eclipse/plugins/com.st.stm32cube.ide.mcu.externaltools.gnu-tools-for-stm32.13.3.rel1.macos64_1.0.0.202411102158/tools/bin/../lib/gcc/arm-none-eabi/13.3.1/../../../../arm-none-eabi/lib/thumb/v7e-m+fp/hard/libc_nano.a(libc_a-errno.o)
                              ./Core/Src/syscalls.o (__errno)
/Applications/STM32CubeIDE.app/Contents/Eclipse/plugins/com.st.stm32cube.ide.mcu.externaltools.gnu-tools-for-stm32.13.3.rel1.macos64_1.0.0.202411102158/tools/bin/../lib/gcc/arm-none-eabi/13.3.1/../../../../arm-none-eabi/lib/thumb/v7e-m+fp/hard/libc_nano.a(libc_a-init.o)
                              /Applications/STM32CubeIDE.app/Contents/Eclipse/plugins/com.st.stm32cube.ide.mcu.externaltools.gnu-tools-for-stm32.13.3.rel1.macos64_1.0.0.202411102158/tools/bin/../lib/gcc/arm-none-eabi/13.3.1/../../../../arm-none-eabi/lib/thumb/v7e-m+fp/hard/crt0.o (__libc_init_array)
/Applications/STM32CubeIDE.app/Contents/Eclipse/plugins/com.st.stm32cube.ide.mcu.externaltools.gnu-tools-for-stm32.13.3.rel1.macos64_1.0.0.202411102158/tools/bin/../lib/gcc/arm-none-eabi/13.3.1/../../../../arm-none-eabi/lib/thumb/v7e-m+fp/hard/libc_nano.a(libc_a-lock.o)
                              /Applications/STM32CubeIDE.app/Contents/Eclipse/plugins/com.st.stm32cube.ide.mcu.externaltools.gnu-tools-for-stm32.13.3.rel1.macos64_1.0.0.202411102158/tools/bin/../lib/gcc/arm-none-eabi/13.3.1/../../../../arm-none-eabi/lib/thumb/v7e-m+fp/hard/libc_nano.a(libc_a-findfp.o) (__retarget_lock_init_recursive)
/Applications/STM32CubeIDE.app/Contents/Eclipse/plugins/com.st.stm32cube.ide.mcu.externaltools.gnu-tools-for-stm32.13.3.rel1.macos64_1.0.0.202411102158/tools/bin/../lib/gcc/arm-none-eabi/13.3.1/../../../../arm-none-eabi/lib/thumb/v7e-m+fp/hard/libc_nano.a(libc_a-impure.o)
[...]
Memory Configuration

Name             Origin             Length             Attributes
CCMRAM           0x10000000         0x00010000         xrw
RAM              0x20000000         0x00030000         xrw
FLASH            0x08000000         0x00200000         xr
*default*        0x00000000         0xffffffff

Linker script and memory map

LOAD /Applications/STM32CubeIDE.app/Contents/Eclipse/plugins/com.st.stm32cube.ide.mcu.externaltools.gnu-tools-for-stm32.13.3.rel1.macos64_1.0.0.202411102158/tools/bin/../lib/gcc/arm-none-eabi/13.3.1/thumb/v7e-m+fp/hard/crti.o
LOAD /Applications/STM32CubeIDE.app/Contents/Eclipse/plugins/com.st.stm32cube.ide.mcu.externaltools.gnu-tools-for-stm32.13.3.rel1.macos64_1.0.0.202411102158/tools/bin/../lib/gcc/arm-none-eabi/13.3.1/thumb/v7e-m+fp/hard/crtbegin.o
LOAD /Applications/STM32CubeIDE.app/Contents/Eclipse/plugins/com.st.stm32cube.ide.mcu.externaltools.gnu-tools-for-stm32.13.3.rel1.macos64_1.0.0.202411102158/tools/bin/../lib/gcc/arm-none-eabi/13.3.1/../../../../arm-none-eabi/lib/thumb/v7e-m+fp/hard/crt0.o
LOAD ./Core/Src/ApplicationCode.o
LOAD ./Core/Src/Button_Driver.o
LOAD ./Core/Src/ErrorHandling.o
LOAD ./Core/Src/InterruptControl.o
LOAD ./Core/Src/LCD_Driver.o
LOAD ./Core/Src/Scheduler.o
LOAD ./Core/Src/fonts.o
LOAD ./Core/Src/ili9341.o
LOAD ./Core/Src/main.o
LOAD ./Core/Src/stm32f4xx_hal_msp.o
LOAD ./Core/Src/stm32f4xx_it.o
LOAD ./Core/Src/stmpe811.o
LOAD ./Core/Src/syscalls.o
LOAD ./Core/Src/sysmem.o
LOAD ./Core/Src/system_stm32f4xx.o
LOAD ./Core/Startup/startup_stm32f429zitx.o
LOAD ./Drivers/STM32F4xx_HAL_Driver/Src/stm32f4xx_hal.o
LOAD ./Drivers/STM32F4xx_HAL_Driver/Src/stm32f4xx_hal_cortex.o
LOAD ./Drivers/STM32F4xx_HAL_Driver/Src/stm32f4xx_hal_dma.o
LOAD ./Drivers/STM32F4xx_HAL_Driver/Src/stm32f4xx_hal_dma_ex.o
LOAD ./Drivers/STM32F4xx_HAL_Driver/Src/stm32f4xx_hal_dsi.o
LOAD ./Drivers/STM32F4xx_HAL_Driver/Src/stm32f4xx_hal_exti.o
LOAD ./Drivers/STM32F4xx_HAL_Driver/Src/stm32f4xx_hal_flash.o
LOAD ./Drivers/STM32F4xx_HAL_Driver/Src/stm32f4xx_hal_flash_ex.o
LOAD ./Drivers/STM32F4xx_HAL_Driver/Src/stm32f4xx_hal_flash_ramfunc.o
LOAD ./Drivers/STM32F4xx_HAL_Driver/Src/stm32f4xx_hal_gpio.o
LOAD ./Drivers/STM32F4xx_HAL_Driver/Src/stm32f4xx_hal_i2c.o
LOAD ./Drivers/STM32F4xx_HAL_Driver/Src/stm32f4xx_hal_i2c_ex.o
LOAD ./Drivers/STM32F4xx_HAL_Driver/Src/stm32f4xx_hal_ltdc.o
LOAD ./Drivers/STM32F4xx_HAL_Driver/Src/stm32f4xx_hal_ltdc_ex.o
LOAD ./Drivers/STM32F4xx_HAL_Driver/Src/stm32f4xx_hal_pwr.o
LOAD ./Drivers/STM32F4xx_HAL_Driver/Src/stm32f4xx_hal_pwr_ex.o
LOAD ./Drivers/STM32F4xx_HAL_Driver/Src/stm32f4xx_hal_rcc.o
LOAD ./Drivers/STM32F4xx_HAL_Driver/Src/stm32f4xx_hal_rcc_ex.o
LOAD ./Drivers/STM32F4xx_HAL_Driver/Src/stm32f4xx_hal_rng.o
LOAD ./Drivers/STM32F4xx_HAL_Driver/Src/stm32f4xx_hal_spi.o
LOAD ./Drivers/STM32F4xx_HAL_Driver/Src/stm32f4xx_hal_tim.o
LOAD ./Drivers/STM32F4xx_HAL_Driver/Src/stm32f4xx_hal_tim_ex.o
START GROUP
LOAD /Applications/STM32CubeIDE.app/Contents/Eclipse/plugins/com.st.stm32cube.ide.mcu.externaltools.gnu-tools-for-stm32.13.3.rel1.macos64_1.0.0.202411102158/tools/bin/../lib/gcc/arm-none-eabi/13.3.1/../../../../arm-none-eabi/lib/thumb/v7e-m+fp/hard/libc_nano.a
LOAD /Applications/STM32CubeIDE.app/Contents/Eclipse/plugins/com.st.stm32cube.ide.mcu.externaltools.gnu-tools-for-stm32.13.3.rel1.macos64_1.0.0.202411102158/tools/bin/../lib/gcc/arm-none-eabi/13.3.1/../../../../arm-none-eabi/lib/thumb/v7e-m+fp/hard/libm.a
END GROUP
START GROUP
LOAD /Applications/STM32CubeIDE.app/Contents/Eclipse/plugins/com.st.stm32cube.ide.mcu.externaltools.gnu-tools-for-stm32.13.3.rel1.macos64_1.0.0.202411102158/tools/bin/../lib/gcc/arm-none-eabi/13.3.1/thumb/v7e-m+fp/hard/libgcc.a
LOAD /Applications/STM32CubeIDE.app/Contents/Eclipse/plugins/com.st.stm32cube.ide.mcu.externaltools.gnu-tools-for-stm32.13.3.rel1.macos64_1.0.0.202411102158/tools/bin/../lib/gcc/arm-none-eabi/13.3.1/../../../../arm-none-eabi/lib/thumb/v7e-m+fp/hard/libc_nano.a
END GROUP
START GROUP
LOAD /Applications/STM32CubeIDE.app/Contents/Eclipse/plugins/com.st.stm32cube.ide.mcu.externaltools.gnu-tools-for-stm32.13.3.rel1.macos64_1.0.0.202411102158/tools/bin/../lib/gcc/arm-none-eabi/13.3.1/thumb/v7e-m+fp/hard/libgcc.a
LOAD /Applications/STM32CubeIDE.app/Contents/Eclipse/plugins/com.st.stm32cube.ide.mcu.externaltools.gnu-tools-for-stm32.13.3.rel1.macos64_1.0.0.202411102158/tools/bin/../lib/gcc/arm-none-eabi/13.3.1/../../../../arm-none-eabi/lib/thumb/v7e-m+fp/hard/libc_nano.a
LOAD /Applications/STM32CubeIDE.app/Contents/Eclipse/plugins/com.st.stm32cube.ide.mcu.externaltools.gnu-tools-for-stm32.13.3.rel1.macos64_1.0.0.202411102158/tools/bin/../lib/gcc/arm-none-eabi/13.3.1/../../../../arm-none-eabi/lib/thumb/v7e-m+fp/hard/libnosys.a
END GROUP
START GROUP
LOAD /Applications/STM32CubeIDE.app/Contents/Eclipse/plugins/com.st.stm32cube.ide.mcu.externaltools.gnu-tools-for-stm32.13.3.rel1.macos64_1.0.0.202411102158/tools/bin/../lib/gcc/arm-none-eabi/13.3.1/thumb/v7e-m+fp/hard/libgcc.a
LOAD /Applications/STM32CubeIDE.app/Contents/Eclipse/plugins/com.st.stm32cube.ide.mcu.externaltools.gnu-tools-for-stm32.13.3.rel1.macos64_1.0.0.202411102158/tools/bin/../lib/gcc/arm-none-eabi/13.3.1/../../../../arm-none-eabi/lib/thumb/v7e-m+fp/hard/libc_nano.a
LOAD /Applications/STM32CubeIDE.app/Contents/Eclipse/plugins/com.st.stm32cube.ide.mcu.externaltools.gnu-tools-for-stm32.13.3.rel1.macos64_1.0.0.202411102158/tools/bin/../lib/gcc/arm-none-eabi/13.3.1/../../../../arm-none-eabi/lib/thumb/v7e-m+fp/hard/libnosys.a
END GROUP
LOAD /Applications/STM32CubeIDE.app/Contents/Eclipse/plugins/com.st.stm32cube.ide.mcu.externaltools.gnu-tools-for-stm32.13.3.rel1.macos64_1.0.0.202411102158/tools/bin/../lib/gcc/arm-none-eabi/13.3.1/thumb/v7e-m+fp/hard/crtend.o
LOAD /Applications/STM32CubeIDE.app/Contents/Eclipse/plugins/com.st.stm32cube.ide.mcu.externaltools.gnu-tools-for-stm32.13.3.rel1.macos64_1.0.0.202411102158/tools/bin/../lib/gcc/arm-none-eabi/13.3.1/thumb/v7e-m+fp/hard/crtn.o
                0x20030000                        _estack = (ORIGIN (RAM) + LENGTH (RAM))
                0x00000200                        _Min_Heap_Size = 0x200
                0x00000400                        _Min_Stack_Size = 0x400

.isr_vector     0x08000000      0x1ac
                0x08000000                        . = ALIGN (0x4)
 *(.isr_vector)
 .isr_vector    0x08000000      0x1ac ./Core/Startup/startup_stm32f429zitx.o
                0x08000000                g_pfnVectors
                0x080001ac                        . = ALIGN (0x4)

.text           0x080001b0     0x6f84
                0x080001b0                        . = ALIGN (0x4)
 *(.text)
 .text          0x080001b0       0x40 /Applications/STM32CubeIDE.app/Contents/Eclipse/plugins/com.st.stm32cube.ide.mcu.externaltools.gnu-tools-for-stm32.13.3.rel1.macos64_1.0.0.202411102158/tools/bin/../lib/gcc/arm-none-eabi/13.3.1/thumb/v7e-m+fp/hard/crtbegin.o
 .text          0x080001f0       0xa0 /Applications/STM32CubeIDE.app/Contents/Eclipse/plugins/com.st.stm32cube.ide.mcu.externaltools.gnu-tools-for-stm32.13.3.rel1.macos64_1.0.0.202411102158/tools/bin/../lib/gcc/arm-none-eabi/13.3.1/../../../../arm-none-eabi/lib/thumb/v7e-m+fp/hard/libc_nano.a(libc_a-memchr.o)
                0x080001f0                memchr
 .text          0x08000290       0x30 /Applications/STM32CubeIDE.app/Contents/Eclipse/plugins/com.st.stm32cube.ide.mcu.externaltools.gnu-tools-for-stm32.13.3.rel1.macos64_1.0.0.202411102158/tools/bin/../lib/gcc/arm-none-eabi/13.3.1/thumb/v7e-m+fp/hard/libgcc.a(_aeabi_uldivmod.o)
                0x08000290                __aeabi_uldivmod
 .text          0x080002c0      0x2f8 /Applications/STM32CubeIDE.app/Contents/Eclipse/plugins/com.st.stm32cube.ide.mcu.externaltools.gnu-tools-for-stm32.13.3.rel1.macos64_1.0.0.202411102158/tools/bin/../lib/gcc/arm-none-eabi/13.3.1/thumb/v7e-m+fp/hard/libgcc.a(_udivmoddi4.o)
                0x080002c0                __udivmoddi4
 .text          0x080005b8        0x4 /Applications/STM32CubeIDE.app/Contents/Eclipse/plugins/com.st.stm32cube.ide.mcu.externaltools.gnu-tools-for-stm32.13.3.rel1.macos64_1.0.0.202411102158/tools/bin/../lib/gcc/arm-none-eabi/13.3.1/thumb/v7e-m+fp/hard/libgcc.a(_dvmd_tls.o)
                0x080005b8                __aeabi_ldiv0
                0x080005b8                __aeabi_idiv0
 *(.text*)
 .text.ApplicationInit
                0x080005bc       0x54 ./Core/Src/ApplicationCode.o
                0x080005bc                ApplicationInit
 .text.LCD_Draw_Rect
                0x08000610       0xae ./Core/Src/ApplicationCode.o
                0x08000610                LCD_Draw_Rect
 .text.LCD_DisplayString
                0x080006be       0x6c ./Core/Src/ApplicationCode.o
                0x080006be                LCD_DisplayString
 *fill*         0x0800072a        0x2 
 .text.drawMenuScreen
                0x0800072c       0xd0 ./Core/Src/ApplicationCode.o
                0x0800072c                drawMenuScreen
 .text.handleTouchInput
                0x080007fc      0x12c ./Core/Src/ApplicationCode.o
                0x080007fc                handleTouchInput
 .text.isTouchInside
                0x08000928       0x5c ./Core/Src/ApplicationCode.o
                0x08000928                isTouchInside
 .text.handleHardwareButton
                0x08000984       0x6c ./Core/Src/ApplicationCode.o
                0x08000984                handleHardwareButton
 .text.Button_Interrupt_Init
                0x080009f0       0x38 ./Core/Src/Button_Driver.o
                0x080009f0                Button_Interrupt_Init
 .text.LCD_GPIO_Init
                0x08000a28      0x190 ./Core/Src/LCD_Driver.o
                0x08000a28                LCD_GPIO_Init
 .text.LTCD_Layer_Init
                0x08000bb8       0x80 ./Core/Src/LCD_Driver.o
                0x08000bb8                LTCD_Layer_Init
 .text.LTCD__Init
                0x08000c38       0xbc ./Core/Src/LCD_Driver.o
                0x08000c38                LTCD__Init
 .text.LCD_Draw_Pixel
                0x08000cf4       0x3c ./Core/Src/LCD_Driver.o
                0x08000cf4                LCD_Draw_Pixel
 .text.LCD_Clear
                0x08000d30       0x44 ./Core/Src/LCD_Driver.o
                0x08000d30                LCD_Clear
 .text.LCD_SetTextColor
                0x08000d74       0x20 ./Core/Src/LCD_Driver.o
                0x08000d74                LCD_SetTextColor
 .text.LCD_SetFont
                0x08000d94       0x20 ./Core/Src/LCD_Driver.o
                0x08000d94                LCD_SetFont
 .text.LCD_Draw_Char
                0x08000db4       0xdc ./Core/Src/LCD_Driver.o
                0x08000db4                LCD_Draw_Char
 .text.LCD_DisplayChar
                0x08000e90       0x44 ./Core/Src/LCD_Driver.o
                0x08000e90                LCD_DisplayChar
 .text.LCD_Error_Handler
                0x08000ed4        0xc ./Core/Src/LCD_Driver.o
                0x08000ed4                LCD_Error_Handler
 .text.InitializeLCDTouch
                0x08000ee0       0x16 ./Core/Src/LCD_Driver.o
                0x08000ee0                InitializeLCDTouch
 .text.returnTouchStateAndLocation
                0x08000ef6       0x18 ./Core/Src/LCD_Driver.o
                0x08000ef6                returnTouchStateAndLocation
 *fill*         0x08000f0e        0x2 
 .text.getScheduledEvents
                0x08000f10       0x18 ./Core/Src/Scheduler.o
                0x08000f10                getScheduledEvents
 .text.removeSchedulerEvent
                0x08000f28       0x28 ./Core/Src/Scheduler.o
                0x08000f28                removeSchedulerEvent
 .text.ili9341_Init
                0x08000f50      0x294 ./Core/Src/ili9341.o
                0x08000f50                ili9341_Init
 .text.ili9341_Write_Reg
                0x080011e4       0x1a ./Core/Src/ili9341.o
                0x080011e4                ili9341_Write_Reg
 .text.ili9341_Send_Data
                0x080011fe       0x1a ./Core/Src/ili9341.o
                0x080011fe                ili9341_Send_Data
 .text.SPI_Init
                0x08001218       0x74 ./Core/Src/ili9341.o
 .text.SPI_Write
                0x0800128c       0x3c ./Core/Src/ili9341.o
 .text.SPI_Error
                0x080012c8       0x18 ./Core/Src/ili9341.o
 .text.SPI_MspInit
                0x080012e0       0x74 ./Core/Src/ili9341.o
 .text.LCD_IO_Init
                0x08001354       0xf0 ./Core/Src/ili9341.o
                0x08001354                LCD_IO_Init
 .text.LCD_IO_WriteData
                0x08001444       0x44 ./Core/Src/ili9341.o
                0x08001444                LCD_IO_WriteData
 .text.LCD_IO_WriteReg
                0x08001488       0x44 ./Core/Src/ili9341.o
                0x08001488                LCD_IO_WriteReg
 .text.LCD_Delay
                0x080014cc       0x16 ./Core/Src/ili9341.o
                0x080014cc                LCD_Delay
 .text.main     0x080014e2       0x2e ./Core/Src/main.o
                0x080014e2                main
 .text.Scheduler_Run
                0x08001510       0x5c ./Core/Src/main.o
                0x08001510                Scheduler_Run
 .text.SystemClock_Config
                0x0800156c       0xd4 ./Core/Src/main.o
                0x0800156c                SystemClock_Config
 .text.MX_I2C3_Init
                0x08001640       0x80 ./Core/Src/main.o
 .text.MX_LTDC_Init
                0x080016c0      0x164 ./Core/Src/main.o
 .text.MX_RNG_Init
                0x08001824       0x28 ./Core/Src/main.o
 .text.MX_SPI5_Init
                0x0800184c       0x6c ./Core/Src/main.o
 .text.MX_TIM2_Init
                0x080018b8       0x98 ./Core/Src/main.o
 .text.MX_GPIO_Init
                0x08001950      0x35c ./Core/Src/main.o
 .text.Error_Handler
                0x08001cac        0xc ./Core/Src/main.o
                0x08001cac                Error_Handler
 .text.HAL_MspInit
                0x08001cb8       0x50 ./Core/Src/stm32f4xx_hal_msp.o
                0x08001cb8                HAL_MspInit
 .text.HAL_I2C_MspInit
                0x08001d08       0xd4 ./Core/Src/stm32f4xx_hal_msp.o
                0x08001d08                HAL_I2C_MspInit
 .text.HAL_LTDC_MspInit
                0x08001ddc      0x250 ./Core/Src/stm32f4xx_hal_msp.o
                0x08001ddc                HAL_LTDC_MspInit
 .text.HAL_RNG_MspInit
                0x0800202c       0x44 ./Core/Src/stm32f4xx_hal_msp.o
                0x0800202c                HAL_RNG_MspInit
 .text.HAL_SPI_MspInit
                0x08002070       0x90 ./Core/Src/stm32f4xx_hal_msp.o
                0x08002070                HAL_SPI_MspInit
 .text.HAL_SPI_MspDeInit
                0x08002100       0x3c ./Core/Src/stm32f4xx_hal_msp.o
                0x08002100                HAL_SPI_MspDeInit
 .text.HAL_TIM_Base_MspInit
                0x0800213c       0x40 ./Core/Src/stm32f4xx_hal_msp.o
                0x0800213c                HAL_TIM_Base_MspInit
 .text.NMI_Handler
                0x0800217c        0x8 ./Core/Src/stm32f4xx_it.o
                0x0800217c                NMI_Handler
 .text.HardFault_Handler
                0x08002184        0x8 ./Core/Src/stm32f4xx_it.o
                0x08002184                HardFault_Handler
 .text.MemManage_Handler
                0x0800218c        0x8 ./Core/Src/stm32f4xx_it.o
                0x0800218c                MemManage_Handler
 .text.BusFault_Handler
                0x08002194        0x8 ./Core/Src/stm32f4xx_it.o
                0x08002194                BusFault_Handler
 .text.UsageFault_Handler
                0x0800219c        0x8 ./Core/Src/stm32f4xx_it.o
                0x0800219c                UsageFault_Handler
 .text.SVC_Handler
                0x080021a4        0xe ./Core/Src/stm32f4xx_it.o
                0x080021a4                SVC_Handler
 .text.DebugMon_Handler
                0x080021b2        0xe ./Core/Src/stm32f4xx_it.o
                0x080021b2                DebugMon_Handler
 .text.PendSV_Handler
                0x080021c0        0xe ./Core/Src/stm32f4xx_it.o
                0x080021c0                PendSV_Handler
 .text.SysTick_Handler
                0x080021ce        0xc ./Core/Src/stm32f4xx_it.o
                0x080021ce                SysTick_Handler
 .text.STMPE811_Init
                0x080021da      0x14e ./Core/Src/stmpe811.o
                0x080021da                STMPE811_Init
 .text.STMPE811_Read
                0x08002328       0x22 ./Core/Src/stmpe811.o
                0x08002328                STMPE811_Read
 .text.STMPE811_ReadTouch
                0x0800234a      0x198 ./Core/Src/stmpe811.o
                0x0800234a                STMPE811_ReadTouch
 *fill*         0x080024e2        0x2 
 .text.verifyHAL_I2C_IS_OKAY
                0x080024e4       0x20 ./Core/Src/stmpe811.o
                0x080024e4                verifyHAL_I2C_IS_OKAY
 .text.I2C3_Init
                0x08002504       0x7c ./Core/Src/stmpe811.o
 .text.I2C3_MspInit
                0x08002580       0xa8 ./Core/Src/stmpe811.o
 .text.I2C3_Write
                0x08002628       0x54 ./Core/Src/stmpe811.o
                0x08002628                I2C3_Write
 .text.I2C3_Read
                0x0800267c       0x4c ./Core/Src/stmpe811.o
                0x0800267c                I2C3_Read
 .text.I2C3_MulitByteRead
                0x080026c8       0x44 ./Core/Src/stmpe811.o
                0x080026c8                I2C3_MulitByteRead
 .text.TM_STMPE811_ReadX
                0x0800270c       0xc0 ./Core/Src/stmpe811.o
                0x0800270c                TM_STMPE811_ReadX
 .text.TM_STMPE811_ReadY
                0x080027cc       0xa4 ./Core/Src/stmpe811.o
                0x080027cc                TM_STMPE811_ReadY
 .text.initialise_monitor_handles
                0x08002870        0xe ./Core/Src/syscalls.o
                0x08002870                initialise_monitor_handles
 .text._read    0x0800287e       0x3a ./Core/Src/syscalls.o
                0x0800287e                _read
 .text._write   0x080028b8       0x38 ./Core/Src/syscalls.o
                0x080028b8                _write
 .text._close   0x080028f0       0x18 ./Core/Src/syscalls.o
                0x080028f0                _close
 .text._fstat   0x08002908       0x20 ./Core/Src/syscalls.o
                0x08002908                _fstat
 .text._isatty  0x08002928       0x16 ./Core/Src/syscalls.o
                0x08002928                _isatty
 .text._lseek   0x0800293e       0x1a ./Core/Src/syscalls.o
                0x0800293e                _lseek
 .text._sbrk    0x08002958       0x6c ./Core/Src/sysmem.o
                0x08002958                _sbrk
 .text.SystemInit
                0x080029c4       0x24 ./Core/Src/system_stm32f4xx.o
                0x080029c4                SystemInit
 .text.Reset_Handler
                0x080029e8       0x50 ./Core/Startup/startup_stm32f429zitx.o
                0x080029e8                Reset_Handler
 .text.Default_Handler
                0x08002a38        0x2 ./Core/Startup/startup_stm32f429zitx.o
                0x08002a38                DMA1_Stream3_IRQHandler
                0x08002a38                HASH_RNG_IRQHandler
                0x08002a38                EXTI2_IRQHandler
                0x08002a38                TIM8_CC_IRQHandler
                0x08002a38                UART8_IRQHandler
                0x08002a38                SPI4_IRQHandler
                0x08002a38                TIM1_CC_IRQHandler
                0x08002a38                DMA2_Stream5_IRQHandler
                0x08002a38                DMA1_Stream5_IRQHandler
                0x08002a38                PVD_IRQHandler
                0x08002a38                SDIO_IRQHandler
                0x08002a38                TAMP_STAMP_IRQHandler
                0x08002a38                CAN2_RX1_IRQHandler
                0x08002a38                EXTI3_IRQHandler
                0x08002a38                TIM8_TRG_COM_TIM14_IRQHandler
                0x08002a38                TIM1_UP_TIM10_IRQHandler
                0x08002a38                TIM8_UP_TIM13_IRQHandler
                0x08002a38                I2C3_ER_IRQHandler
                0x08002a38                EXTI0_IRQHandler
                0x08002a38                I2C2_EV_IRQHandler
                0x08002a38                DMA1_Stream2_IRQHandler
                0x08002a38                CAN1_RX0_IRQHandler
                0x08002a38                FPU_IRQHandler
                0x08002a38                OTG_HS_WKUP_IRQHandler
                0x08002a38                LTDC_ER_IRQHandler
                0x08002a38                CAN2_SCE_IRQHandler
                0x08002a38                DMA2_Stream2_IRQHandler
                0x08002a38                SPI1_IRQHandler
                0x08002a38                TIM6_DAC_IRQHandler
                0x08002a38                TIM1_BRK_TIM9_IRQHandler
                0x08002a38                DCMI_IRQHandler
                0x08002a38                CAN2_RX0_IRQHandler
                0x08002a38                DMA2_Stream3_IRQHandler
                0x08002a38                USART6_IRQHandler
                0x08002a38                USART3_IRQHandler
                0x08002a38                CAN1_RX1_IRQHandler
                0x08002a38                UART5_IRQHandler
                0x08002a38                DMA2_Stream0_IRQHandler
                0x08002a38                TIM4_IRQHandler
                0x08002a38                I2C1_EV_IRQHandler
                0x08002a38                DMA1_Stream6_IRQHandler
                0x08002a38                DMA1_Stream1_IRQHandler
                0x08002a38                UART4_IRQHandler
                0x08002a38                TIM3_IRQHandler
                0x08002a38                RCC_IRQHandler
                0x08002a38                TIM8_BRK_TIM12_IRQHandler
                0x08002a38                Default_Handler
                0x08002a38                EXTI15_10_IRQHandler
                0x08002a38                ADC_IRQHandler
                0x08002a38                DMA1_Stream7_IRQHandler
                0x08002a38                SPI5_IRQHandler
                0x08002a38                TIM7_IRQHandler
                0x08002a38                CAN2_TX_IRQHandler
                0x08002a38                TIM5_IRQHandler
                0x08002a38                DMA2_Stream7_IRQHandler
                0x08002a38                I2C3_EV_IRQHandler
                0x08002a38                EXTI9_5_IRQHandler
                0x08002a38                RTC_WKUP_IRQHandler
                0x08002a38                LTDC_IRQHandler
                0x08002a38                ETH_WKUP_IRQHandler
                0x08002a38                SPI2_IRQHandler
                0x08002a38                OTG_HS_EP1_IN_IRQHandler
                0x08002a38                DMA1_Stream0_IRQHandler
                0x08002a38                CAN1_TX_IRQHandler
                0x08002a38                EXTI4_IRQHandler
                0x08002a38                ETH_IRQHandler
                0x08002a38                OTG_HS_EP1_OUT_IRQHandler
                0x08002a38                WWDG_IRQHandler
                0x08002a38                SPI6_IRQHandler
                0x08002a38                TIM2_IRQHandler
                0x08002a38                OTG_FS_WKUP_IRQHandler
                0x08002a38                TIM1_TRG_COM_TIM11_IRQHandler
                0x08002a38                OTG_HS_IRQHandler
                0x08002a38                DMA2D_IRQHandler
                0x08002a38                EXTI1_IRQHandler
                0x08002a38                UART7_IRQHandler
                0x08002a38                USART2_IRQHandler
                0x08002a38                I2C2_ER_IRQHandler
                0x08002a38                DMA2_Stream1_IRQHandler
                0x08002a38                CAN1_SCE_IRQHandler
                0x08002a38                FLASH_IRQHandler
                0x08002a38                DMA2_Stream4_IRQHandler
                0x08002a38                USART1_IRQHandler
                0x08002a38                OTG_FS_IRQHandler
                0x08002a38                SPI3_IRQHandler
                0x08002a38                DMA1_Stream4_IRQHandler
                0x08002a38                I2C1_ER_IRQHandler
                0x08002a38                FMC_IRQHandler
                0x08002a38                DMA2_Stream6_IRQHandler
                0x08002a38                SAI1_IRQHandler
                0x08002a38                RTC_Alarm_IRQHandler
 *fill*         0x08002a3a        0x2 
 .text.HAL_Init
                0x08002a3c       0x44 ./Drivers/STM32F4xx_HAL_Driver/Src/stm32f4xx_hal.o
                0x08002a3c                HAL_Init
 .text.HAL_InitTick
                0x08002a80       0x60 ./Drivers/STM32F4xx_HAL_Driver/Src/stm32f4xx_hal.o
                0x08002a80                HAL_InitTick
 .text.HAL_IncTick
                0x08002ae0       0x28 ./Drivers/STM32F4xx_HAL_Driver/Src/stm32f4xx_hal.o
                0x08002ae0                HAL_IncTick
 .text.HAL_GetTick
                0x08002b08       0x18 ./Drivers/STM32F4xx_HAL_Driver/Src/stm32f4xx_hal.o
                0x08002b08                HAL_GetTick
 .text.HAL_Delay
                0x08002b20       0x48 ./Drivers/STM32F4xx_HAL_Driver/Src/stm32f4xx_hal.o
                0x08002b20                HAL_Delay
 .text.__NVIC_SetPriorityGrouping
                0x08002b68       0x48 ./Drivers/STM32F4xx_HAL_Driver/Src/stm32f4xx_hal_cortex.o
 .text.__NVIC_GetPriorityGrouping
                0x08002bb0       0x1c ./Drivers/STM32F4xx_HAL_Driver/Src/stm32f4xx_hal_cortex.o
 .text.__NVIC_EnableIRQ
                0x08002bcc       0x3c ./Drivers/STM32F4xx_HAL_Driver/Src/stm32f4xx_hal_cortex.o
 .text.__NVIC_SetPriority
                0x08002c08       0x54 ./Drivers/STM32F4xx_HAL_Driver/Src/stm32f4xx_hal_cortex.o
 .text.NVIC_EncodePriority
                0x08002c5c       0x66 ./Drivers/STM32F4xx_HAL_Driver/Src/stm32f4xx_hal_cortex.o
 *fill*         0x08002cc2        0x2 
 .text.SysTick_Config
                0x08002cc4       0x44 ./Drivers/STM32F4xx_HAL_Driver/Src/stm32f4xx_hal_cortex.o
 .text.HAL_NVIC_SetPriorityGrouping
                0x08002d08       0x16 ./Drivers/STM32F4xx_HAL_Driver/Src/stm32f4xx_hal_cortex.o
                0x08002d08                HAL_NVIC_SetPriorityGrouping
 .text.HAL_NVIC_SetPriority
                0x08002d1e       0x38 ./Drivers/STM32F4xx_HAL_Driver/Src/stm32f4xx_hal_cortex.o
                0x08002d1e                HAL_NVIC_SetPriority
 .text.HAL_NVIC_EnableIRQ
                0x08002d56       0x1c ./Drivers/STM32F4xx_HAL_Driver/Src/stm32f4xx_hal_cortex.o
                0x08002d56                HAL_NVIC_EnableIRQ
 .text.HAL_SYSTICK_Config
                0x08002d72       0x18 ./Drivers/STM32F4xx_HAL_Driver/Src/stm32f4xx_hal_cortex.o
                0x08002d72                HAL_SYSTICK_Config
 *fill*         0x08002d8a        0x2 
 .text.HAL_GPIO_Init
                0x08002d8c      0x358 ./Drivers/STM32F4xx_HAL_Driver/Src/stm32f4xx_hal_gpio.o
                0x08002d8c                HAL_GPIO_Init
 .text.HAL_GPIO_DeInit
                0x080030e4      0x218 ./Drivers/STM32F4xx_HAL_Driver/Src/stm32f4xx_hal_gpio.o
                0x080030e4                HAL_GPIO_DeInit
 .text.HAL_GPIO_WritePin
                0x080032fc       0x32 ./Drivers/STM32F4xx_HAL_Driver/Src/stm32f4xx_hal_gpio.o
                0x080032fc                HAL_GPIO_WritePin
 *fill*         0x0800332e        0x2 
 .text.HAL_I2C_Init
                0x08003330      0x288 ./Drivers/STM32F4xx_HAL_Driver/Src/stm32f4xx_hal_i2c.o
                0x08003330                HAL_I2C_Init
 .text.HAL_I2C_Mem_Write
                0x080035b8      0x1f4 ./Drivers/STM32F4xx_HAL_Driver/Src/stm32f4xx_hal_i2c.o
                0x080035b8                HAL_I2C_Mem_Write
 .text.HAL_I2C_Mem_Read
                0x080037ac      0x464 ./Drivers/STM32F4xx_HAL_Driver/Src/stm32f4xx_hal_i2c.o
                0x080037ac                HAL_I2C_Mem_Read
 .text.I2C_RequestMemoryWrite
                0x08003c10      0x12c ./Drivers/STM32F4xx_HAL_Driver/Src/stm32f4xx_hal_i2c.o
 .text.I2C_RequestMemoryRead
                0x08003d3c      0x1d0 ./Drivers/STM32F4xx_HAL_Driver/Src/stm32f4xx_hal_i2c.o
 .text.I2C_WaitOnFlagUntilTimeout
                0x08003f0c       0xf4 ./Drivers/STM32F4xx_HAL_Driver/Src/stm32f4xx_hal_i2c.o
 .text.I2C_WaitOnMasterAddressFlagUntilTimeout
                0x08004000      0x140 ./Drivers/STM32F4xx_HAL_Driver/Src/stm32f4xx_hal_i2c.o
 .text.I2C_WaitOnTXEFlagUntilTimeout
                0x08004140       0x90 ./Drivers/STM32F4xx_HAL_Driver/Src/stm32f4xx_hal_i2c.o
 .text.I2C_WaitOnBTFFlagUntilTimeout
                0x080041d0       0x90 ./Drivers/STM32F4xx_HAL_Driver/Src/stm32f4xx_hal_i2c.o
 .text.I2C_WaitOnRXNEFlagUntilTimeout
                0x08004260       0xba ./Drivers/STM32F4xx_HAL_Driver/Src/stm32f4xx_hal_i2c.o
 .text.I2C_IsAcknowledgeFailed
                0x0800431a       0x5e ./Drivers/STM32F4xx_HAL_Driver/Src/stm32f4xx_hal_i2c.o
 .text.HAL_I2CEx_ConfigAnalogFilter
                0x08004378       0x78 ./Drivers/STM32F4xx_HAL_Driver/Src/stm32f4xx_hal_i2c_ex.o
                0x08004378                HAL_I2CEx_ConfigAnalogFilter
 .text.HAL_I2CEx_ConfigDigitalFilter
                0x080043f0       0x7e ./Drivers/STM32F4xx_HAL_Driver/Src/stm32f4xx_hal_i2c_ex.o
                0x080043f0                HAL_I2CEx_ConfigDigitalFilter
 *fill*         0x0800446e        0x2 
 .text.HAL_LTDC_Init
                0x08004470      0x1a0 ./Drivers/STM32F4xx_HAL_Driver/Src/stm32f4xx_hal_ltdc.o
                0x08004470                HAL_LTDC_Init
 .text.HAL_LTDC_ConfigLayer
                0x08004610       0x7c ./Drivers/STM32F4xx_HAL_Driver/Src/stm32f4xx_hal_ltdc.o
                0x08004610                HAL_LTDC_ConfigLayer
 .text.LTDC_SetConfig
                0x0800468c      0x32e ./Drivers/STM32F4xx_HAL_Driver/Src/stm32f4xx_hal_ltdc.o
 *fill*         0x080049ba        0x2 
 .text.HAL_RCC_OscConfig
                0x080049bc      0x4f0 ./Drivers/STM32F4xx_HAL_Driver/Src/stm32f4xx_hal_rcc.o
                0x080049bc                HAL_RCC_OscConfig
 .text.HAL_RCC_ClockConfig
                0x08004eac      0x1cc ./Drivers/STM32F4xx_HAL_Driver/Src/stm32f4xx_hal_rcc.o
                0x08004eac                HAL_RCC_ClockConfig
 .text.HAL_RCC_GetSysClockFreq
                0x08005078      0x20c ./Drivers/STM32F4xx_HAL_Driver/Src/stm32f4xx_hal_rcc.o
                0x08005078                HAL_RCC_GetSysClockFreq
 .text.HAL_RCC_GetHCLKFreq
                0x08005284       0x18 ./Drivers/STM32F4xx_HAL_Driver/Src/stm32f4xx_hal_rcc.o
                0x08005284                HAL_RCC_GetHCLKFreq
 .text.HAL_RCC_GetPCLK1Freq
                0x0800529c       0x28 ./Drivers/STM32F4xx_HAL_Driver/Src/stm32f4xx_hal_rcc.o
                0x0800529c                HAL_RCC_GetPCLK1Freq
 .text.HAL_RCCEx_PeriphCLKConfig
                0x080052c4      0x380 ./Drivers/STM32F4xx_HAL_Driver/Src/stm32f4xx_hal_rcc_ex.o
                0x080052c4                HAL_RCCEx_PeriphCLKConfig
 .text.HAL_RNG_Init
                0x08005644       0x54 ./Drivers/STM32F4xx_HAL_Driver/Src/stm32f4xx_hal_rng.o
                0x08005644                HAL_RNG_Init
 .text.HAL_SPI_Init
                0x08005698      0x112 ./Drivers/STM32F4xx_HAL_Driver/Src/stm32f4xx_hal_spi.o
                0x08005698                HAL_SPI_Init
 .text.HAL_SPI_DeInit
                0x080057aa       0x50 ./Drivers/STM32F4xx_HAL_Driver/Src/stm32f4xx_hal_spi.o
                0x080057aa                HAL_SPI_DeInit
 .text.HAL_SPI_Transmit
                0x080057fa      0x288 ./Drivers/STM32F4xx_HAL_Driver/Src/stm32f4xx_hal_spi.o
                0x080057fa                HAL_SPI_Transmit
 .text.HAL_SPI_GetState
                0x08005a82       0x1c ./Drivers/STM32F4xx_HAL_Driver/Src/stm32f4xx_hal_spi.o
                0x08005a82                HAL_SPI_GetState
 *fill*         0x08005a9e        0x2 
 .text.SPI_WaitFlagStateUntilTimeout
                0x08005aa0      0x110 ./Drivers/STM32F4xx_HAL_Driver/Src/stm32f4xx_hal_spi.o
 .text.SPI_EndRxTxTransaction
                0x08005bb0       0xa8 ./Drivers/STM32F4xx_HAL_Driver/Src/stm32f4xx_hal_spi.o
 .text.HAL_TIM_Base_Init
                0x08005c58       0x9e ./Drivers/STM32F4xx_HAL_Driver/Src/stm32f4xx_hal_tim.o
                0x08005c58                HAL_TIM_Base_Init
 .text.HAL_TIM_ConfigClockSource
                0x08005cf6      0x18e ./Drivers/STM32F4xx_HAL_Driver/Src/stm32f4xx_hal_tim.o
                0x08005cf6                HAL_TIM_ConfigClockSource
 .text.TIM_Base_SetConfig
                0x08005e84      0x158 ./Drivers/STM32F4xx_HAL_Driver/Src/stm32f4xx_hal_tim.o
                0x08005e84                TIM_Base_SetConfig
 .text.TIM_TI1_ConfigInputStage
                0x08005fdc       0x5e ./Drivers/STM32F4xx_HAL_Driver/Src/stm32f4xx_hal_tim.o
 .text.TIM_TI2_ConfigInputStage
                0x0800603a       0x60 ./Drivers/STM32F4xx_HAL_Driver/Src/stm32f4xx_hal_tim.o
 .text.TIM_ITRx_SetConfig
                0x0800609a       0x36 ./Drivers/STM32F4xx_HAL_Driver/Src/stm32f4xx_hal_tim.o
 .text.TIM_ETR_SetConfig
                0x080060d0       0x40 ./Drivers/STM32F4xx_HAL_Driver/Src/stm32f4xx_hal_tim.o
                0x080060d0                TIM_ETR_SetConfig
 .text.HAL_TIMEx_MasterConfigSynchronization
                0x08006110       0xf8 ./Drivers/STM32F4xx_HAL_Driver/Src/stm32f4xx_hal_tim_ex.o
                0x08006110                HAL_TIMEx_MasterConfigSynchronization
 .text.std      0x08006208       0x6c /Applications/STM32CubeIDE.app/Contents/Eclipse/plugins/com.st.stm32cube.ide.mcu.externaltools.gnu-tools-for-stm32.13.3.rel1.macos64_1.0.0.202411102158/tools/bin/../lib/gcc/arm-none-eabi/13.3.1/../../../../arm-none-eabi/lib/thumb/v7e-m+fp/hard/libc_nano.a(libc_a-findfp.o)
 .text.stdio_exit_handler
                0x08006274       0x18 /Applications/STM32CubeIDE.app/Contents/Eclipse/plugins/com.st.stm32cube.ide.mcu.externaltools.gnu-tools-for-stm32.13.3.rel1.macos64_1.0.0.202411102158/tools/bin/../lib/gcc/arm-none-eabi/13.3.1/../../../../arm-none-eabi/lib/thumb/v7e-m+fp/hard/libc_nano.a(libc_a-findfp.o)
 .text.cleanup_stdio
                0x0800628c       0x40 /Applications/STM32CubeIDE.app/Contents/Eclipse/plugins/com.st.stm32cube.ide.mcu.externaltools.gnu-tools-for-stm32.13.3.rel1.macos64_1.0.0.202411102158/tools/bin/../lib/gcc/arm-none-eabi/13.3.1/../../../../arm-none-eabi/lib/thumb/v7e-m+fp/hard/libc_nano.a(libc_a-findfp.o)
 .text.global_stdio_init.part.0
                0x080062cc       0x3c /Applications/STM32CubeIDE.app/Contents/Eclipse/plugins/com.st.stm32cube.ide.mcu.externaltools.gnu-tools-for-stm32.13.3.rel1.macos64_1.0.0.202411102158/tools/bin/../lib/gcc/arm-none-eabi/13.3.1/../../../../arm-none-eabi/lib/thumb/v7e-m+fp/hard/libc_nano.a(libc_a-findfp.o)
 .text.__sfp_lock_acquire
                0x08006308        0xc /Applications/STM32CubeIDE.app/Contents/Eclipse/plugins/com.st.stm32cube.ide.mcu.externaltools.gnu-tools-for-stm32.13.3.rel1.macos64_1.0.0.202411102158/tools/bin/../lib/gcc/arm-none-eabi/13.3.1/../../../../arm-none-eabi/lib/thumb/v7e-m+fp/hard/libc_nano.a(libc_a-findfp.o)
                0x08006308                __sfp_lock_acquire
 .text.__sfp_lock_release
                0x08006314        0xc /Applications/STM32CubeIDE.app/Contents/Eclipse/plugins/com.st.stm32cube.ide.mcu.externaltools.gnu-tools-for-stm32.13.3.rel1.macos64_1.0.0.202411102158/tools/bin/../lib/gcc/arm-none-eabi/13.3.1/../../../../arm-none-eabi/lib/thumb/v7e-m+fp/hard/libc_nano.a(libc_a-findfp.o)
                0x08006314                __sfp_lock_release
 .text.__sinit  0x08006320       0x30 /Applications/STM32CubeIDE.app/Contents/Eclipse/plugins/com.st.stm32cube.ide.mcu.externaltools.gnu-tools-for-stm32.13.3.rel1.macos64_1.0.0.202411102158/tools/bin/../lib/gcc/arm-none-eabi/13.3.1/../../../../arm-none-eabi/lib/thumb/v7e-m+fp/hard/libc_nano.a(libc_a-findfp.o)
                0x08006320                __sinit
 .text._fwalk_sglue
                0x08006350       0x3c /Applications/STM32CubeIDE.app/Contents/Eclipse/plugins/com.st.stm32cube.ide.mcu.externaltools.gnu-tools-for-stm32.13.3.rel1.macos64_1.0.0.202411102158/tools/bin/../lib/gcc/arm-none-eabi/13.3.1/../../../../arm-none-eabi/lib/thumb/v7e-m+fp/hard/libc_nano.a(libc_a-fwalk.o)
                0x08006350                _fwalk_sglue
 .text.printf   0x0800638c       0x24 /Applications/STM32CubeIDE.app/Contents/Eclipse/plugins/com.st.stm32cube.ide.mcu.externaltools.gnu-tools-for-stm32.13.3.rel1.macos64_1.0.0.202411102158/tools/bin/../lib/gcc/arm-none-eabi/13.3.1/../../../../arm-none-eabi/lib/thumb/v7e-m+fp/hard/libc_nano.a(libc_a-printf.o)
                0x0800638c                printf
                0x0800638c                iprintf
 .text._puts_r  0x080063b0       0xaa /Applications/STM32CubeIDE.app/Contents/Eclipse/plugins/com.st.stm32cube.ide.mcu.externaltools.gnu-tools-for-stm32.13.3.rel1.macos64_1.0.0.202411102158/tools/bin/../lib/gcc/arm-none-eabi/13.3.1/../../../../arm-none-eabi/lib/thumb/v7e-m+fp/hard/libc_nano.a(libc_a-puts.o)
                0x080063b0                _puts_r
 *fill*         0x0800645a        0x2 
 .text.puts     0x0800645c       0x10 /Applications/STM32CubeIDE.app/Contents/Eclipse/plugins/com.st.stm32cube.ide.mcu.externaltools.gnu-tools-for-stm32.13.3.rel1.macos64_1.0.0.202411102158/tools/bin/../lib/gcc/arm-none-eabi/13.3.1/../../../../arm-none-eabi/lib/thumb/v7e-m+fp/hard/libc_nano.a(libc_a-puts.o)
                0x0800645c                puts
 .text.memset   0x0800646c       0x10 /Applications/STM32CubeIDE.app/Contents/Eclipse/plugins/com.st.stm32cube.ide.mcu.externaltools.gnu-tools-for-stm32.13.3.rel1.macos64_1.0.0.202411102158/tools/bin/../lib/gcc/arm-none-eabi/13.3.1/../../../../arm-none-eabi/lib/thumb/v7e-m+fp/hard/libc_nano.a(libc_a-memset.o)
                0x0800646c                memset
 .text.__errno  0x0800647c        0xc /Applications/STM32CubeIDE.app/Contents/Eclipse/plugins/com.st.stm32cube.ide.mcu.externaltools.gnu-tools-for-stm32.13.3.rel1.macos64_1.0.0.202411102158/tools/bin/../lib/gcc/arm-none-eabi/13.3.1/../../../../arm-none-eabi/lib/thumb/v7e-m+fp/hard/libc_nano.a(libc_a-errno.o)
                0x0800647c                __errno
 .text.__libc_init_array
                0x08006488       0x48 /Applications/STM32CubeIDE.app/Contents/Eclipse/plugins/com.st.stm32cube.ide.mcu.externaltools.gnu-tools-for-stm32.13.3.rel1.macos64_1.0.0.202411102158/tools/bin/../lib/gcc/arm-none-eabi/13.3.1/../../../../arm-none-eabi/lib/thumb/v7e-m+fp/hard/libc_nano.a(libc_a-init.o)
                0x08006488                __libc_init_array
 .text.__retarget_lock_init_recursive
                0x080064d0        0x2 /Applications/STM32CubeIDE.app/Contents/Eclipse/plugins/com.st.stm32cube.ide.mcu.externaltools.gnu-tools-for-stm32.13.3.rel1.macos64_1.0.0.202411102158/tools/bin/../lib/gcc/arm-none-eabi/13.3.1/../../../../arm-none-eabi/lib/thumb/v7e-m+fp/hard/libc_nano.a(libc_a-lock.o)
                0x080064d0                __retarget_lock_init_recursive
 .text.__retarget_lock_acquire_recursive
                0x080064d2        0x2 /Applications/STM32CubeIDE.app/Contents/Eclipse/plugins/com.st.stm32cube.ide.mcu.externaltools.gnu-tools-for-stm32.13.3.rel1.macos64_1.0.0.202411102158/tools/bin/../lib/gcc/arm-none-eabi/13.3.1/../../../../arm-none-eabi/lib/thumb/v7e-m+fp/hard/libc_nano.a(libc_a-lock.o)
                0x080064d2                __retarget_lock_acquire_recursive
 .text.__retarget_lock_release_recursive
                0x080064d4        0x2 /Applications/STM32CubeIDE.app/Contents/Eclipse/plugins/com.st.stm32cube.ide.mcu.externaltools.gnu-tools-for-stm32.13.3.rel1.macos64_1.0.0.202411102158/tools/bin/../lib/gcc/arm-none-eabi/13.3.1/../../../../arm-none-eabi/lib/thumb/v7e-m+fp/hard/libc_nano.a(libc_a-lock.o)
                0x080064d4                __retarget_lock_release_recursive
 .text.__sfputc_r
                0x080064d6       0x2e /Applications/STM32CubeIDE.app/Contents/Eclipse/plugins/com.st.stm32cube.ide.mcu.externaltools.gnu-tools-for-stm32.13.3.rel1.macos64_1.0.0.202411102158/tools/bin/../lib/gcc/arm-none-eabi/13.3.1/../../../../arm-none-eabi/lib/thumb/v7e-m+fp/hard/libc_nano.a(libc_a-nano-vfprintf.o)
 .text.__sfputs_r
                0x08006504       0x24 /Applications/STM32CubeIDE.app/Contents/Eclipse/plugins/com.st.stm32cube.ide.mcu.externaltools.gnu-tools-for-stm32.13.3.rel1.macos64_1.0.0.202411102158/tools/bin/../lib/gcc/arm-none-eabi/13.3.1/../../../../arm-none-eabi/lib/thumb/v7e-m+fp/hard/libc_nano.a(libc_a-nano-vfprintf.o)
                0x08006504                __sfputs_r
 .text._vfprintf_r
                0x08006528      0x230 /Applications/STM32CubeIDE.app/Contents/Eclipse/plugins/com.st.stm32cube.ide.mcu.externaltools.gnu-tools-for-stm32.13.3.rel1.macos64_1.0.0.202411102158/tools/bin/../lib/gcc/arm-none-eabi/13.3.1/../../../../arm-none-eabi/lib/thumb/v7e-m+fp/hard/libc_nano.a(libc_a-nano-vfprintf.o)
                0x08006528                _vfiprintf_r
                0x08006528                _vfprintf_r
 .text.sbrk_aligned
                0x08006758       0x44 /Applications/STM32CubeIDE.app/Contents/Eclipse/plugins/com.st.stm32cube.ide.mcu.externaltools.gnu-tools-for-stm32.13.3.rel1.macos64_1.0.0.202411102158/tools/bin/../lib/gcc/arm-none-eabi/13.3.1/../../../../arm-none-eabi/lib/thumb/v7e-m+fp/hard/libc_nano.a(libc_a-mallocr.o)
 .text._malloc_r
                0x0800679c      0x100 /Applications/STM32CubeIDE.app/Contents/Eclipse/plugins/com.st.stm32cube.ide.mcu.externaltools.gnu-tools-for-stm32.13.3.rel1.macos64_1.0.0.202411102158/tools/bin/../lib/gcc/arm-none-eabi/13.3.1/../../../../arm-none-eabi/lib/thumb/v7e-m+fp/hard/libc_nano.a(libc_a-mallocr.o)
                0x0800679c                _malloc_r
 .text._printf_common
                0x0800689c       0xda /Applications/STM32CubeIDE.app/Contents/Eclipse/plugins/com.st.stm32cube.ide.mcu.externaltools.gnu-tools-for-stm32.13.3.rel1.macos64_1.0.0.202411102158/tools/bin/../lib/gcc/arm-none-eabi/13.3.1/../../../../arm-none-eabi/lib/thumb/v7e-m+fp/hard/libc_nano.a(libc_a-nano-vfprintf_i.o)
                0x0800689c                _printf_common
 *fill*         0x08006976        0x2 
 .text._printf_i
                0x08006978      0x23c /Applications/STM32CubeIDE.app/Contents/Eclipse/plugins/com.st.stm32cube.ide.mcu.externaltools.gnu-tools-for-stm32.13.3.rel1.macos64_1.0.0.202411102158/tools/bin/../lib/gcc/arm-none-eabi/13.3.1/../../../../arm-none-eabi/lib/thumb/v7e-m+fp/hard/libc_nano.a(libc_a-nano-vfprintf_i.o)
                0x08006978                _printf_i
 .text.__sflush_r
                0x08006bb4      0x108 /Applications/STM32CubeIDE.app/Contents/Eclipse/plugins/com.st.stm32cube.ide.mcu.externaltools.gnu-tools-for-stm32.13.3.rel1.macos64_1.0.0.202411102158/tools/bin/../lib/gcc/arm-none-eabi/13.3.1/../../../../arm-none-eabi/lib/thumb/v7e-m+fp/hard/libc_nano.a(libc_a-fflush.o)
                0x08006bb4                __sflush_r
 .text._fflush_r
                0x08006cbc       0x50 /Applications/STM32CubeIDE.app/Contents/Eclipse/plugins/com.st.stm32cube.ide.mcu.externaltools.gnu-tools-for-stm32.13.3.rel1.macos64_1.0.0.202411102158/tools/bin/../lib/gcc/arm-none-eabi/13.3.1/../../../../arm-none-eabi/lib/thumb/v7e-m+fp/hard/libc_nano.a(libc_a-fflush.o)
                0x08006cbc                _fflush_r
 .text.__malloc_lock
                0x08006d0c        0xc /Applications/STM32CubeIDE.app/Contents/Eclipse/plugins/com.st.stm32cube.ide.mcu.externaltools.gnu-tools-for-stm32.13.3.rel1.macos64_1.0.0.202411102158/tools/bin/../lib/gcc/arm-none-eabi/13.3.1/../../../../arm-none-eabi/lib/thumb/v7e-m+fp/hard/libc_nano.a(libc_a-mlock.o)
                0x08006d0c                __malloc_lock
 .text.__malloc_unlock
                0x08006d18        0xc /Applications/STM32CubeIDE.app/Contents/Eclipse/plugins/com.st.stm32cube.ide.mcu.externaltools.gnu-tools-for-stm32.13.3.rel1.macos64_1.0.0.202411102158/tools/bin/../lib/gcc/arm-none-eabi/13.3.1/../../../../arm-none-eabi/lib/thumb/v7e-m+fp/hard/libc_nano.a(libc_a-mlock.o)
                0x08006d18                __malloc_unlock
 .text.__sread  0x08006d24       0x22 /Applications/STM32CubeIDE.app/Contents/Eclipse/plugins/com.st.stm32cube.ide.mcu.externaltools.gnu-tools-for-stm32.13.3.rel1.macos64_1.0.0.202411102158/tools/bin/../lib/gcc/arm-none-eabi/13.3.1/../../../../arm-none-eabi/lib/thumb/v7e-m+fp/hard/libc_nano.a(libc_a-stdio.o)
                0x08006d24                __sread
 .text.__swrite
                0x08006d46       0x38 /Applications/STM32CubeIDE.app/Contents/Eclipse/plugins/com.st.stm32cube.ide.mcu.externaltools.gnu-tools-for-stm32.13.3.rel1.macos64_1.0.0.202411102158/tools/bin/../lib/gcc/arm-none-eabi/13.3.1/../../../../arm-none-eabi/lib/thumb/v7e-m+fp/hard/libc_nano.a(libc_a-stdio.o)
                0x08006d46                __swrite
 .text.__sseek  0x08006d7e       0x24 /Applications/STM32CubeIDE.app/Contents/Eclipse/plugins/com.st.stm32cube.ide.mcu.externaltools.gnu-tools-for-stm32.13.3.rel1.macos64_1.0.0.202411102158/tools/bin/../lib/gcc/arm-none-eabi/13.3.1/../../../../arm-none-eabi/lib/thumb/v7e-m+fp/hard/libc_nano.a(libc_a-stdio.o)
                0x08006d7e                __sseek
 .text.__sclose
                0x08006da2        0x8 /Applications/STM32CubeIDE.app/Contents/Eclipse/plugins/com.st.stm32cube.ide.mcu.externaltools.gnu-tools-for-stm32.13.3.rel1.macos64_1.0.0.202411102158/tools/bin/../lib/gcc/arm-none-eabi/13.3.1/../../../../arm-none-eabi/lib/thumb/v7e-m+fp/hard/libc_nano.a(libc_a-stdio.o)
                0x08006da2                __sclose
 .text.__swbuf_r
                0x08006daa       0x7c /Applications/STM32CubeIDE.app/Contents/Eclipse/plugins/com.st.stm32cube.ide.mcu.externaltools.gnu-tools-for-stm32.13.3.rel1.macos64_1.0.0.202411102158/tools/bin/../lib/gcc/arm-none-eabi/13.3.1/../../../../arm-none-eabi/lib/thumb/v7e-m+fp/hard/libc_nano.a(libc_a-wbuf.o)
                0x08006daa                __swbuf_r
 *fill*         0x08006e26        0x2 
 .text.__swsetup_r
                0x08006e28       0xac /Applications/STM32CubeIDE.app/Contents/Eclipse/plugins/com.st.stm32cube.ide.mcu.externaltools.gnu-tools-for-stm32.13.3.rel1.macos64_1.0.0.202411102158/tools/bin/../lib/gcc/arm-none-eabi/13.3.1/../../../../arm-none-eabi/lib/thumb/v7e-m+fp/hard/libc_nano.a(libc_a-wsetup.o)
                0x08006e28                __swsetup_r
 .text.__swhatbuf_r
                0x08006ed4       0x4c /Applications/STM32CubeIDE.app/Contents/Eclipse/plugins/com.st.stm32cube.ide.mcu.externaltools.gnu-tools-for-stm32.13.3.rel1.macos64_1.0.0.202411102158/tools/bin/../lib/gcc/arm-none-eabi/13.3.1/../../../../arm-none-eabi/lib/thumb/v7e-m+fp/hard/libc_nano.a(libc_a-makebuf.o)
                0x08006ed4                __swhatbuf_r
 .text.__smakebuf_r
                0x08006f20       0x78 /Applications/STM32CubeIDE.app/Contents/Eclipse/plugins/com.st.stm32cube.ide.mcu.externaltools.gnu-tools-for-stm32.13.3.rel1.macos64_1.0.0.202411102158/tools/bin/../lib/gcc/arm-none-eabi/13.3.1/../../../../arm-none-eabi/lib/thumb/v7e-m+fp/hard/libc_nano.a(libc_a-makebuf.o)
                0x08006f20                __smakebuf_r
 .text._isatty_r
                0x08006f98       0x20 /Applications/STM32CubeIDE.app/Contents/Eclipse/plugins/com.st.stm32cube.ide.mcu.externaltools.gnu-tools-for-stm32.13.3.rel1.macos64_1.0.0.202411102158/tools/bin/../lib/gcc/arm-none-eabi/13.3.1/../../../../arm-none-eabi/lib/thumb/v7e-m+fp/hard/libc_nano.a(libc_a-isattyr.o)
                0x08006f98                _isatty_r
 .text._lseek_r
                0x08006fb8       0x24 /Applications/STM32CubeIDE.app/Contents/Eclipse/plugins/com.st.stm32cube.ide.mcu.externaltools.gnu-tools-for-stm32.13.3.rel1.macos64_1.0.0.202411102158/tools/bin/../lib/gcc/arm-none-eabi/13.3.1/../../../../arm-none-eabi/lib/thumb/v7e-m+fp/hard/libc_nano.a(libc_a-lseekr.o)
                0x08006fb8                _lseek_r
 .text._read_r  0x08006fdc       0x24 /Applications/STM32CubeIDE.app/Contents/Eclipse/plugins/com.st.stm32cube.ide.mcu.externaltools.gnu-tools-for-stm32.13.3.rel1.macos64_1.0.0.202411102158/tools/bin/../lib/gcc/arm-none-eabi/13.3.1/../../../../arm-none-eabi/lib/thumb/v7e-m+fp/hard/libc_nano.a(libc_a-readr.o)
                0x08006fdc                _read_r
 .text._sbrk_r  0x08007000       0x20 /Applications/STM32CubeIDE.app/Contents/Eclipse/plugins/com.st.stm32cube.ide.mcu.externaltools.gnu-tools-for-stm32.13.3.rel1.macos64_1.0.0.202411102158/tools/bin/../lib/gcc/arm-none-eabi/13.3.1/../../../../arm-none-eabi/lib/thumb/v7e-m+fp/hard/libc_nano.a(libc_a-sbrkr.o)
                0x08007000                _sbrk_r
 .text._write_r
                0x08007020       0x24 /Applications/STM32CubeIDE.app/Contents/Eclipse/plugins/com.st.stm32cube.ide.mcu.externaltools.gnu-tools-for-stm32.13.3.rel1.macos64_1.0.0.202411102158/tools/bin/../lib/gcc/arm-none-eabi/13.3.1/../../../../arm-none-eabi/lib/thumb/v7e-m+fp/hard/libc_nano.a(libc_a-writer.o)
                0x08007020                _write_r
 .text._close_r
                0x08007044       0x20 /Applications/STM32CubeIDE.app/Contents/Eclipse/plugins/com.st.stm32cube.ide.mcu.externaltools.gnu-tools-for-stm32.13.3.rel1.macos64_1.0.0.202411102158/tools/bin/../lib/gcc/arm-none-eabi/13.3.1/../../../../arm-none-eabi/lib/thumb/v7e-m+fp/hard/libc_nano.a(libc_a-closer.o)
                0x08007044                _close_r
 .text._fstat_r
                0x08007064       0x24 /Applications/STM32CubeIDE.app/Contents/Eclipse/plugins/com.st.stm32cube.ide.mcu.externaltools.gnu-tools-for-stm32.13.3.rel1.macos64_1.0.0.202411102158/tools/bin/../lib/gcc/arm-none-eabi/13.3.1/../../../../arm-none-eabi/lib/thumb/v7e-m+fp/hard/libc_nano.a(libc_a-fstatr.o)
                0x08007064                _fstat_r
 .text._free_r  0x08007088       0x94 /Applications/STM32CubeIDE.app/Contents/Eclipse/plugins/com.st.stm32cube.ide.mcu.externaltools.gnu-tools-for-stm32.13.3.rel1.macos64_1.0.0.202411102158/tools/bin/../lib/gcc/arm-none-eabi/13.3.1/../../../../arm-none-eabi/lib/thumb/v7e-m+fp/hard/libc_nano.a(libc_a-freer.o)
                0x08007088                _free_r
 *(.glue_7)
 .glue_7        0x0800711c        0x0 linker stubs
 *(.glue_7t)
 .glue_7t       0x0800711c        0x0 linker stubs
 *(.eh_frame)
 .eh_frame      0x0800711c        0x0 /Applications/STM32CubeIDE.app/Contents/Eclipse/plugins/com.st.stm32cube.ide.mcu.externaltools.gnu-tools-for-stm32.13.3.rel1.macos64_1.0.0.202411102158/tools/bin/../lib/gcc/arm-none-eabi/13.3.1/thumb/v7e-m+fp/hard/crtbegin.o
 *(.init)
 .init          0x0800711c        0x4 /Applications/STM32CubeIDE.app/Contents/Eclipse/plugins/com.st.stm32cube.ide.mcu.externaltools.gnu-tools-for-stm32.13.3.rel1.macos64_1.0.0.202411102158/tools/bin/../lib/gcc/arm-none-eabi/13.3.1/thumb/v7e-m+fp/hard/crti.o
                0x0800711c                _init
 .init          0x08007120        0x8 /Applications/STM32CubeIDE.app/Contents/Eclipse/plugins/com.st.stm32cube.ide.mcu.externaltools.gnu-tools-for-stm32.13.3.rel1.macos64_1.0.0.202411102158/tools/bin/../lib/gcc/arm-none-eabi/13.3.1/thumb/v7e-m+fp/hard/crtn.o
 *(.fini)
 .fini          0x08007128        0x4 /Applications/STM32CubeIDE.app/Contents/Eclipse/plugins/com.st.stm32cube.ide.mcu.externaltools.gnu-tools-for-stm32.13.3.rel1.macos64_1.0.0.202411102158/tools/bin/../lib/gcc/arm-none-eabi/13.3.1/thumb/v7e-m+fp/hard/crti.o
                0x08007128                _fini
 .fini          0x0800712c        0x8 /Applications/STM32CubeIDE.app/Contents/Eclipse/plugins/com.st.stm32cube.ide.mcu.externaltools.gnu-tools-for-stm32.13.3.rel1.macos64_1.0.0.202411102158/tools/bin/../lib/gcc/arm-none-eabi/13.3.1/thumb/v7e-m+fp/hard/crtn.o
                0x08007134                        . = ALIGN (0x4)
                0x08007134                        _etext = .

.vfp11_veneer   0x08007134        0x0
 .vfp11_veneer  0x08007134        0x0 linker stubs

.v4_bx          0x08007134        0x0
 .v4_bx         0x08007134        0x0 linker stubs

.iplt           0x08007134        0x0
 .iplt          0x08007134        0x0 /Applications/STM32CubeIDE.app/Contents/Eclipse/plugins/com.st.stm32cube.ide.mcu.externaltools.gnu-tools-for-stm32.13.3.rel1.macos64_1.0.0.202411102158/tools/bin/../lib/gcc/arm-none-eabi/13.3.1/thumb/v7e-m+fp/hard/crtbegin.o

.rodata         0x08007134     0x13b8
                0x08007134                        . = ALIGN (0x4)
 *(.rodata)
 .rodata        0x08007134      0x199 ./Core/Src/ApplicationCode.o
 *(.rodata*)
 *fill*         0x080072cd        0x3 
 .rodata.ASCII16x24_Table
                0x080072d0     0x11d0 ./Core/Src/fonts.o
                0x080072d0                ASCII16x24_Table
 .rodata.AHBPrescTable
                0x080084a0       0x10 ./Core/Src/system_stm32f4xx.o
                0x080084a0                AHBPrescTable
 .rodata.APBPrescTable
                0x080084b0        0x8 ./Core/Src/system_stm32f4xx.o
                0x080084b0                APBPrescTable
 .rodata._vfprintf_r.str1.1
                0x080084b8       0x33 /Applications/STM32CubeIDE.app/Contents/Eclipse/plugins/com.st.stm32cube.ide.mcu.externaltools.gnu-tools-for-stm32.13.3.rel1.macos64_1.0.0.202411102158/tools/bin/../lib/gcc/arm-none-eabi/13.3.1/../../../../arm-none-eabi/lib/thumb/v7e-m+fp/hard/libc_nano.a(libc_a-nano-vfprintf.o)
                                 0x11 (size before relaxing)
 .rodata._printf_i.str1.1
                0x080084eb       0x22 /Applications/STM32CubeIDE.app/Contents/Eclipse/plugins/com.st.stm32cube.ide.mcu.externaltools.gnu-tools-for-stm32.13.3.rel1.macos64_1.0.0.202411102158/tools/bin/../lib/gcc/arm-none-eabi/13.3.1/../../../../arm-none-eabi/lib/thumb/v7e-m+fp/hard/libc_nano.a(libc_a-nano-vfprintf_i.o)
                0x08008510                        . = ALIGN (0x4)
 *fill*         0x080084eb        0x1 

.ARM.extab      0x080084ec        0x0
                0x080084ec                        . = ALIGN (0x4)
 *(.ARM.extab* .gnu.linkonce.armextab.*)
                0x080084ec                        . = ALIGN (0x4)

.ARM            0x080084ec        0x8
                0x080084ec                        . = ALIGN (0x4)
                0x080084ec                        __exidx_start = .
 *(.ARM.exidx*)
 .ARM.exidx     0x080084ec        0x8 /Applications/STM32CubeIDE.app/Contents/Eclipse/plugins/com.st.stm32cube.ide.mcu.externaltools.gnu-tools-for-stm32.13.3.rel1.macos64_1.0.0.202411102158/tools/bin/../lib/gcc/arm-none-eabi/13.3.1/../../../../arm-none-eabi/lib/thumb/v7e-m+fp/hard/libc_nano.a(libc_a-memchr.o)
 .ARM.exidx     0x080084f4        0x0 /Applications/STM32CubeIDE.app/Contents/Eclipse/plugins/com.st.stm32cube.ide.mcu.externaltools.gnu-tools-for-stm32.13.3.rel1.macos64_1.0.0.202411102158/tools/bin/../lib/gcc/arm-none-eabi/13.3.1/thumb/v7e-m+fp/hard/libgcc.a(_udivmoddi4.o)
                                  0x8 (size before relaxing)
                0x080084f4                        __exidx_end = .
                0x080084f4                        . = ALIGN (0x4)

.preinit_array  0x080084f4        0x0
                0x080084f4                        . = ALIGN (0x4)
                0x080084f4                        PROVIDE (__preinit_array_start = .)
 *(.preinit_array*)
                0x080084f4                        PROVIDE (__preinit_array_end = .)
                0x080084f4                        . = ALIGN (0x4)

.init_array     0x080084f4        0x4
                0x080084f4                        . = ALIGN (0x4)
                0x080084f4                        PROVIDE (__init_array_start = .)
 *(SORT_BY_NAME(.init_array.*))
 *(.init_array*)
 .init_array    0x080084f4        0x4 /Applications/STM32CubeIDE.app/Contents/Eclipse/plugins/com.st.stm32cube.ide.mcu.externaltools.gnu-tools-for-stm32.13.3.rel1.macos64_1.0.0.202411102158/tools/bin/../lib/gcc/arm-none-eabi/13.3.1/thumb/v7e-m+fp/hard/crtbegin.o
                0x080084f8                        PROVIDE (__init_array_end = .)
                0x080084f8                        . = ALIGN (0x4)

.fini_array     0x080084f8        0x4
                0x080084f8                        . = ALIGN (0x4)
                [!provide]                        PROVIDE (__fini_array_start = .)
 *(SORT_BY_NAME(.fini_array.*))
 *(.fini_array*)
 .fini_array    0x080084f8        0x4 /Applications/STM32CubeIDE.app/Contents/Eclipse/plugins/com.st.stm32cube.ide.mcu.externaltools.gnu-tools-for-stm32.13.3.rel1.macos64_1.0.0.202411102158/tools/bin/../lib/gcc/arm-none-eabi/13.3.1/thumb/v7e-m+fp/hard/crtbegin.o
                [!provide]                        PROVIDE (__fini_array_end = .)
                0x080084fc                        . = ALIGN (0x4)
                0x080084fc                        _sidata = LOADADDR (.data)

.rel.dyn        0x080084fc        0x0
 .rel.iplt      0x080084fc        0x0 /Applications/STM32CubeIDE.app/Contents/Eclipse/plugins/com.st.stm32cube.ide.mcu.externaltools.gnu-tools-for-stm32.13.3.rel1.macos64_1.0.0.202411102158/tools/bin/../lib/gcc/arm-none-eabi/13.3.1/thumb/v7e-m+fp/hard/crtbegin.o

.data           0x20000000       0x78 load address 0x080084fc
                0x20000000                        . = ALIGN (0x4)
                0x20000000                        _sdata = .
 *(.data)
 *(.data*)
 .data.wasReleased.1
                0x20000000        0x1 ./Core/Src/ApplicationCode.o
 *fill*         0x20000001        0x1 
 .data.CurrentTextColor
                0x20000002        0x2 ./Core/Src/LCD_Driver.o
 .data.Font16x24
                0x20000004        0x8 ./Core/Src/fonts.o
                0x20000004                Font16x24
 .data.SpiTimeout
                0x2000000c        0x4 ./Core/Src/ili9341.o
                0x2000000c                SpiTimeout
 .data.SystemCoreClock
                0x20000010        0x4 ./Core/Src/system_stm32f4xx.o
                0x20000010                SystemCoreClock
 .data.uwTickPrio
                0x20000014        0x4 ./Drivers/STM32F4xx_HAL_Driver/Src/stm32f4xx_hal.o
                0x20000014                uwTickPrio
 .data.uwTickFreq
                0x20000018        0x1 ./Drivers/STM32F4xx_HAL_Driver/Src/stm32f4xx_hal.o
                0x20000018                uwTickFreq
 *fill*         0x20000019        0x3 
 .data.__sglue  0x2000001c        0xc /Applications/STM32CubeIDE.app/Contents/Eclipse/plugins/com.st.stm32cube.ide.mcu.externaltools.gnu-tools-for-stm32.13.3.rel1.macos64_1.0.0.202411102158/tools/bin/../lib/gcc/arm-none-eabi/13.3.1/../../../../arm-none-eabi/lib/thumb/v7e-m+fp/hard/libc_nano.a(libc_a-findfp.o)
                0x2000001c                __sglue
 .data._impure_ptr
                0x20000028        0x4 /Applications/STM32CubeIDE.app/Contents/Eclipse/plugins/com.st.stm32cube.ide.mcu.externaltools.gnu-tools-for-stm32.13.3.rel1.macos64_1.0.0.202411102158/tools/bin/../lib/gcc/arm-none-eabi/13.3.1/../../../../arm-none-eabi/lib/thumb/v7e-m+fp/hard/libc_nano.a(libc_a-impure.o)
                0x20000028                _impure_ptr
 .data._impure_data
                0x2000002c       0x4c /Applications/STM32CubeIDE.app/Contents/Eclipse/plugins/com.st.stm32cube.ide.mcu.externaltools.gnu-tools-for-stm32.13.3.rel1.macos64_1.0.0.202411102158/tools/bin/../lib/gcc/arm-none-eabi/13.3.1/../../../../arm-none-eabi/lib/thumb/v7e-m+fp/hard/libc_nano.a(libc_a-impure.o)
                0x2000002c                _impure_data
 *(.RamFunc)
 *(.RamFunc*)
                0x20000078                        . = ALIGN (0x4)
                0x20000078                        _edata = .
                0x08008574                        _siccmram = LOADADDR (.ccmram)

.igot.plt       0x20000078        0x0 load address 0x08008574
 .igot.plt      0x20000078        0x0 /Applications/STM32CubeIDE.app/Contents/Eclipse/plugins/com.st.stm32cube.ide.mcu.externaltools.gnu-tools-for-stm32.13.3.rel1.macos64_1.0.0.202411102158/tools/bin/../lib/gcc/arm-none-eabi/13.3.1/thumb/v7e-m+fp/hard/crtbegin.o

.ccmram         0x10000000        0x0 load address 0x08008574
                0x10000000                        . = ALIGN (0x4)
                0x10000000                        _sccmram = .
 *(.ccmram)
 *(.ccmram*)
                0x10000000                        . = ALIGN (0x4)
                0x10000000                        _eccmram = .
                0x10000000                        . = ALIGN (0x4)

.bss            0x20000078    0x25cc4
                0x20000078                        _sbss = .
                0x20000078                        __bss_start__ = _sbss
 *(.bss)
 .bss           0x20000078       0x1c /Applications/STM32CubeIDE.app/Contents/Eclipse/plugins/com.st.stm32cube.ide.mcu.externaltools.gnu-tools-for-stm32.13.3.rel1.macos64_1.0.0.202411102158/tools/bin/../lib/gcc/arm-none-eabi/13.3.1/thumb/v7e-m+fp/hard/crtbegin.o
 *(.bss*)
 .bss.currentAppState
                0x20000094        0x1 ./Core/Src/ApplicationCode.o
 *fill*         0x20000095        0x3 
 .bss.StaticTouchData
                0x20000098        0x8 ./Core/Src/ApplicationCode.o
 .bss.last_hw_press_time.0
                0x200000a0        0x4 ./Core/Src/ApplicationCode.o
 .bss.hltdc     0x200000a4       0xa8 ./Core/Src/LCD_Driver.o
 .bss.PeriphClkInitStruct
                0x2000014c       0x30 ./Core/Src/LCD_Driver.o
 .bss.LCD_Currentfonts
                0x2000017c        0x4 ./Core/Src/LCD_Driver.o
 .bss.frameBuffer
                0x20000180    0x25800 ./Core/Src/LCD_Driver.o
                0x20000180                frameBuffer
 .bss.scheduledEvents
                0x20025980        0x4 ./Core/Src/Scheduler.o
 .bss.SpiHandle
                0x20025984       0x58 ./Core/Src/ili9341.o
 .bss.Is_LCD_IO_Initialized
                0x200259dc        0x1 ./Core/Src/ili9341.o
 *fill*         0x200259dd        0x3 
 .bss.hi2c3     0x200259e0       0x54 ./Core/Src/main.o
                0x200259e0                hi2c3
 .bss.hltdc     0x20025a34       0xa8 ./Core/Src/main.o
                0x20025a34                hltdc
 .bss.hrng      0x20025adc       0x10 ./Core/Src/main.o
                0x20025adc                hrng
 .bss.hspi5     0x20025aec       0x58 ./Core/Src/main.o
                0x20025aec                hspi5
 .bss.htim2     0x20025b44       0x48 ./Core/Src/main.o
                0x20025b44                htim2
 .bss.scheduler_ticks
                0x20025b8c        0x4 ./Core/Src/main.o
                0x20025b8c                scheduler_ticks
 .bss.hI2C3     0x20025b90       0x54 ./Core/Src/stmpe811.o
 .bss.HAL_status
                0x20025be4        0x1 ./Core/Src/stmpe811.o
 *fill*         0x20025be5        0x3 
 .bss.__sbrk_heap_end
                0x20025be8        0x4 ./Core/Src/sysmem.o
 .bss.uwTick    0x20025bec        0x4 ./Drivers/STM32F4xx_HAL_Driver/Src/stm32f4xx_hal.o
                0x20025bec                uwTick
 .bss.__sf      0x20025bf0      0x138 /Applications/STM32CubeIDE.app/Contents/Eclipse/plugins/com.st.stm32cube.ide.mcu.externaltools.gnu-tools-for-stm32.13.3.rel1.macos64_1.0.0.202411102158/tools/bin/../lib/gcc/arm-none-eabi/13.3.1/../../../../arm-none-eabi/lib/thumb/v7e-m+fp/hard/libc_nano.a(libc_a-findfp.o)
                0x20025bf0                __sf
 .bss.__stdio_exit_handler
                0x20025d28        0x4 /Applications/STM32CubeIDE.app/Contents/Eclipse/plugins/com.st.stm32cube.ide.mcu.externaltools.gnu-tools-for-stm32.13.3.rel1.macos64_1.0.0.202411102158/tools/bin/../lib/gcc/arm-none-eabi/13.3.1/../../../../arm-none-eabi/lib/thumb/v7e-m+fp/hard/libc_nano.a(libc_a-findfp.o)
                0x20025d28                __stdio_exit_handler
 .bss.__lock___malloc_recursive_mutex
                0x20025d2c        0x1 /Applications/STM32CubeIDE.app/Contents/Eclipse/plugins/com.st.stm32cube.ide.mcu.externaltools.gnu-tools-for-stm32.13.3.rel1.macos64_1.0.0.202411102158/tools/bin/../lib/gcc/arm-none-eabi/13.3.1/../../../../arm-none-eabi/lib/thumb/v7e-m+fp/hard/libc_nano.a(libc_a-lock.o)
                0x20025d2c                __lock___malloc_recursive_mutex
 .bss.__lock___sfp_recursive_mutex
                0x20025d2d        0x1 /Applications/STM32CubeIDE.app/Contents/Eclipse/plugins/com.st.stm32cube.ide.mcu.externaltools.gnu-tools-for-stm32.13.3.rel1.macos64_1.0.0.202411102158/tools/bin/../lib/gcc/arm-none-eabi/13.3.1/../../../../arm-none-eabi/lib/thumb/v7e-m+fp/hard/libc_nano.a(libc_a-lock.o)
                0x20025d2d                __lock___sfp_recursive_mutex
 *fill*         0x20025d2e        0x2 
 .bss.__malloc_sbrk_start
                0x20025d30        0x4 /Applications/STM32CubeIDE.app/Contents/Eclipse/plugins/com.st.stm32cube.ide.mcu.externaltools.gnu-tools-for-stm32.13.3.rel1.macos64_1.0.0.202411102158/tools/bin/../lib/gcc/arm-none-eabi/13.3.1/../../../../arm-none-eabi/lib/thumb/v7e-m+fp/hard/libc_nano.a(libc_a-mallocr.o)
                0x20025d30                __malloc_sbrk_start
 .bss.__malloc_free_list
                0x20025d34        0x4 /Applications/STM32CubeIDE.app/Contents/Eclipse/plugins/com.st.stm32cube.ide.mcu.externaltools.gnu-tools-for-stm32.13.3.rel1.macos64_1.0.0.202411102158/tools/bin/../lib/gcc/arm-none-eabi/13.3.1/../../../../arm-none-eabi/lib/thumb/v7e-m+fp/hard/libc_nano.a(libc_a-mallocr.o)
                0x20025d34                __malloc_free_list
 .bss.errno     0x20025d38        0x4 /Applications/STM32CubeIDE.app/Contents/Eclipse/plugins/com.st.stm32cube.ide.mcu.externaltools.gnu-tools-for-stm32.13.3.rel1.macos64_1.0.0.202411102158/tools/bin/../lib/gcc/arm-none-eabi/13.3.1/../../../../arm-none-eabi/lib/thumb/v7e-m+fp/hard/libc_nano.a(libc_a-reent.o)
                0x20025d38                errno
 *(COMMON)
                0x20025d3c                        . = ALIGN (0x4)
                0x20025d3c                        _ebss = .
                0x20025d3c                        __bss_end__ = _ebss

._user_heap_stack
                0x20025d3c      0x604
                0x20025d40                        . = ALIGN (0x8)
 *fill*         0x20025d3c        0x4 
                [!provide]                        PROVIDE (end = .)
                0x20025d40                        PROVIDE (_end = .)
                0x20025f40                        . = (. + _Min_Heap_Size)
 *fill*         0x20025d40      0x200 
                0x20026340                        . = (. + _Min_Stack_Size)
 *fill*         0x20025f40      0x400 
                0x20026340                        . = ALIGN (0x8)

/DISCARD/
 libc.a(*)
 libm.a(*)
 libgcc.a(*)

.ARM.attributes
                0x00000000       0x30
 *(.ARM.attributes)
 .ARM.attributes
                0x00000000       0x22 /Applications/STM32CubeIDE.app/Contents/Eclipse/plugins/com.st.stm32cube.ide.mcu.externaltools.gnu-tools-for-stm32.13.3.rel1.macos64_1.0.0.202411102158/tools/bin/../lib/gcc/arm-none-eabi/13.3.1/thumb/v7e-m+fp/hard/crti.o
 .ARM.attributes
                0x00000022       0x34 /Applications/STM32CubeIDE.app/Contents/Eclipse/plugins/com.st.stm32cube.ide.mcu.externaltools.gnu-tools-for-stm32.13.3.rel1.macos64_1.0.0.202411102158/tools/bin/../lib/gcc/arm-none-eabi/13.3.1/thumb/v7e-m+fp/hard/crtbegin.o
 .ARM.attributes
                0x00000056       0x34 ./Core/Src/ApplicationCode.o
 .ARM.attributes
                0x0000008a       0x34 ./Core/Src/Button_Driver.o
 .ARM.attributes
                0x000000be       0x34 ./Core/Src/LCD_Driver.o
 .ARM.attributes
                0x000000f2       0x34 ./Core/Src/Scheduler.o
 .ARM.attributes
                0x00000126       0x34 ./Core/Src/fonts.o
 .ARM.attributes
                0x0000015a       0x34 ./Core/Src/ili9341.o
 .ARM.attributes
                0x0000018e       0x34 ./Core/Src/main.o
 .ARM.attributes
                0x000001c2       0x34 ./Core/Src/stm32f4xx_hal_msp.o
 .ARM.attributes
                0x000001f6       0x34 ./Core/Src/stm32f4xx_it.o
 .ARM.attributes
                0x0000022a       0x34 ./Core/Src/stmpe811.o
 .ARM.attributes
                0x0000025e       0x34 ./Core/Src/syscalls.o
 .ARM.attributes
                0x00000292       0x34 ./Core/Src/sysmem.o
 .ARM.attributes
                0x000002c6       0x34 ./Core/Src/system_stm32f4xx.o
 .ARM.attributes
                0x000002fa       0x21 ./Core/Startup/startup_stm32f429zitx.o
 .ARM.attributes
                0x0000031b       0x34 ./Drivers/STM32F4xx_HAL_Driver/Src/stm32f4xx_hal.o
 .ARM.attributes
                0x0000034f       0x34 ./Drivers/STM32F4xx_HAL_Driver/Src/stm32f4xx_hal_cortex.o
 .ARM.attributes
                0x00000383       0x34 ./Drivers/STM32F4xx_HAL_Driver/Src/stm32f4xx_hal_gpio.o
 .ARM.attributes
                0x000003b7       0x34 ./Drivers/STM32F4xx_HAL_Driver/Src/stm32f4xx_hal_i2c.o
 .ARM.attributes
                0x000003eb       0x34 ./Drivers/STM32F4xx_HAL_Driver/Src/stm32f4xx_hal_i2c_ex.o
 .ARM.attributes
                0x0000041f       0x34 ./Drivers/STM32F4xx_HAL_Driver/Src/stm32f4xx_hal_ltdc.o
 .ARM.attributes
                0x00000453       0x34 ./Drivers/STM32F4xx_HAL_Driver/Src/stm32f4xx_hal_rcc.o
 .ARM.attributes
                0x00000487       0x34 ./Drivers/STM32F4xx_HAL_Driver/Src/stm32f4xx_hal_rcc_ex.o
 .ARM.attributes
                0x000004bb       0x34 ./Drivers/STM32F4xx_HAL_Driver/Src/stm32f4xx_hal_rng.o
 .ARM.attributes
                0x000004ef       0x34 ./Drivers/STM32F4xx_HAL_Driver/Src/stm32f4xx_hal_spi.o
 .ARM.attributes
                0x00000523       0x34 ./Drivers/STM32F4xx_HAL_Driver/Src/stm32f4xx_hal_tim.o
 .ARM.attributes
                0x00000557       0x34 ./Drivers/STM32F4xx_HAL_Driver/Src/stm32f4xx_hal_tim_ex.o
 .ARM.attributes
                0x0000058b       0x34 /Applications/STM32CubeIDE.app/Contents/Eclipse/plugins/com.st.stm32cube.ide.mcu.externaltools.gnu-tools-for-stm32.13.3.rel1.macos64_1.0.0.202411102158/tools/bin/../lib/gcc/arm-none-eabi/13.3.1/../../../../arm-none-eabi/lib/thumb/v7e-m+fp/hard/libc_nano.a(libc_a-findfp.o)
 .ARM.attributes
                0x000005bf       0x34 /Applications/STM32CubeIDE.app/Contents/Eclipse/plugins/com.st.stm32cube.ide.mcu.externaltools.gnu-tools-for-stm32.13.3.rel1.macos64_1.0.0.202411102158/tools/bin/../lib/gcc/arm-none-eabi/13.3.1/../../../../arm-none-eabi/lib/thumb/v7e-m+fp/hard/libc_nano.a(libc_a-fwalk.o)
 .ARM.attributes
                0x000005f3       0x34 /Applications/STM32CubeIDE.app/Contents/Eclipse/plugins/com.st.stm32cube.ide.mcu.externaltools.gnu-tools-for-stm32.13.3.rel1.macos64_1.0.0.202411102158/tools/bin/../lib/gcc/arm-none-eabi/13.3.1/../../../../arm-none-eabi/lib/thumb/v7e-m+fp/hard/libc_nano.a(libc_a-printf.o)
 .ARM.attributes
                0x00000627       0x34 /Applications/STM32CubeIDE.app/Contents/Eclipse/plugins/com.st.stm32cube.ide.mcu.externaltools.gnu-tools-for-stm32.13.3.rel1.macos64_1.0.0.202411102158/tools/bin/../lib/gcc/arm-none-eabi/13.3.1/../../../../arm-none-eabi/lib/thumb/v7e-m+fp/hard/libc_nano.a(libc_a-puts.o)
 .ARM.attributes
                0x0000065b       0x34 /Applications/STM32CubeIDE.app/Contents/Eclipse/plugins/com.st.stm32cube.ide.mcu.externaltools.gnu-tools-for-stm32.13.3.rel1.macos64_1.0.0.202411102158/tools/bin/../lib/gcc/arm-none-eabi/13.3.1/../../../../arm-none-eabi/lib/thumb/v7e-m+fp/hard/libc_nano.a(libc_a-memset.o)
 .ARM.attributes
                0x0000068f       0x34 /Applications/STM32CubeIDE.app/Contents/Eclipse/plugins/com.st.stm32cube.ide.mcu.externaltools.gnu-tools-for-stm32.13.3.rel1.macos64_1.0.0.202411102158/tools/bin/../lib/gcc/arm-none-eabi/13.3.1/../../../../arm-none-eabi/lib/thumb/v7e-m+fp/hard/libc_nano.a(libc_a-errno.o)
 .ARM.attributes
                0x000006c3       0x34 /Applications/STM32CubeIDE.app/Contents/Eclipse/plugins/com.st.stm32cube.ide.mcu.externaltools.gnu-tools-for-stm32.13.3.rel1.macos64_1.0.0.202411102158/tools/bin/../lib/gcc/arm-none-eabi/13.3.1/../../../../arm-none-eabi/lib/thumb/v7e-m+fp/hard/libc_nano.a(libc_a-init.o)
 .ARM.attributes
                0x000006f7       0x34 /Applications/STM32CubeIDE.app/Contents/Eclipse/plugins/com.st.stm32cube.ide.mcu.externaltools.gnu-tools-for-stm32.13.3.rel1.macos64_1.0.0.202411102158/tools/bin/../lib/gcc/arm-none-eabi/13.3.1/../../../../arm-none-eabi/lib/thumb/v7e-m+fp/hard/libc_nano.a(libc_a-lock.o)
 .ARM.attributes
                0x0000072b       0x34 /Applications/STM32CubeIDE.app/Contents/Eclipse/plugins/com.st.stm32cube.ide.mcu.externaltools.gnu-tools-for-stm32.13.3.rel1.macos64_1.0.0.202411102158/tools/bin/../lib/gcc/arm-none-eabi/13.3.1/../../../../arm-none-eabi/lib/thumb/v7e-m+fp/hard/libc_nano.a(libc_a-impure.o)
 .ARM.attributes
                0x0000075f       0x34 /Applications/STM32CubeIDE.app/Contents/Eclipse/plugins/com.st.stm32cube.ide.mcu.externaltools.gnu-tools-for-stm32.13.3.rel1.macos64_1.0.0.202411102158/tools/bin/../lib/gcc/arm-none-eabi/13.3.1/../../../../arm-none-eabi/lib/thumb/v7e-m+fp/hard/libc_nano.a(libc_a-nano-vfprintf.o)
 .ARM.attributes
                0x00000793       0x34 /Applications/STM32CubeIDE.app/Contents/Eclipse/plugins/com.st.stm32cube.ide.mcu.externaltools.gnu-tools-for-stm32.13.3.rel1.macos64_1.0.0.202411102158/tools/bin/../lib/gcc/arm-none-eabi/13.3.1/../../../../arm-none-eabi/lib/thumb/v7e-m+fp/hard/libc_nano.a(libc_a-mallocr.o)
 .ARM.attributes
                0x000007c7       0x34 /Applications/STM32CubeIDE.app/Contents/Eclipse/plugins/com.st.stm32cube.ide.mcu.externaltools.gnu-tools-for-stm32.13.3.rel1.macos64_1.0.0.202411102158/tools/bin/../lib/gcc/arm-none-eabi/13.3.1/../../../../arm-none-eabi/lib/thumb/v7e-m+fp/hard/libc_nano.a(libc_a-nano-vfprintf_i.o)
 .ARM.attributes
                0x000007fb       0x34 /Applications/STM32CubeIDE.app/Contents/Eclipse/plugins/com.st.stm32cube.ide.mcu.externaltools.gnu-tools-for-stm32.13.3.rel1.macos64_1.0.0.202411102158/tools/bin/../lib/gcc/arm-none-eabi/13.3.1/../../../../arm-none-eabi/lib/thumb/v7e-m+fp/hard/libc_nano.a(libc_a-fflush.o)
 .ARM.attributes
                0x0000082f       0x34 /Applications/STM32CubeIDE.app/Contents/Eclipse/plugins/com.st.stm32cube.ide.mcu.externaltools.gnu-tools-for-stm32.13.3.rel1.macos64_1.0.0.202411102158/tools/bin/../lib/gcc/arm-none-eabi/13.3.1/../../../../arm-none-eabi/lib/thumb/v7e-m+fp/hard/libc_nano.a(libc_a-mlock.o)
 .ARM.attributes
                0x00000863       0x34 /Applications/STM32CubeIDE.app/Contents/Eclipse/plugins/com.st.stm32cube.ide.mcu.externaltools.gnu-tools-for-stm32.13.3.rel1.macos64_1.0.0.202411102158/tools/bin/../lib/gcc/arm-none-eabi/13.3.1/../../../../arm-none-eabi/lib/thumb/v7e-m+fp/hard/libc_nano.a(libc_a-stdio.o)
 .ARM.attributes
                0x00000897       0x34 /Applications/STM32CubeIDE.app/Contents/Eclipse/plugins/com.st.stm32cube.ide.mcu.externaltools.gnu-tools-for-stm32.13.3.rel1.macos64_1.0.0.202411102158/tools/bin/../lib/gcc/arm-none-eabi/13.3.1/../../../../arm-none-eabi/lib/thumb/v7e-m+fp/hard/libc_nano.a(libc_a-wbuf.o)
 .ARM.attributes
                0x000008cb       0x34 /Applications/STM32CubeIDE.app/Contents/Eclipse/plugins/com.st.stm32cube.ide.mcu.externaltools.gnu-tools-for-stm32.13.3.rel1.macos64_1.0.0.202411102158/tools/bin/../lib/gcc/arm-none-eabi/13.3.1/../../../../arm-none-eabi/lib/thumb/v7e-m+fp/hard/libc_nano.a(libc_a-wsetup.o)
 .ARM.attributes
                0x000008ff       0x34 /Applications/STM32CubeIDE.app/Contents/Eclipse/plugins/com.st.stm32cube.ide.mcu.externaltools.gnu-tools-for-stm32.13.3.rel1.macos64_1.0.0.202411102158/tools/bin/../lib/gcc/arm-none-eabi/13.3.1/../../../../arm-none-eabi/lib/thumb/v7e-m+fp/hard/libc_nano.a(libc_a-makebuf.o)
 .ARM.attributes
                0x00000933       0x34 /Applications/STM32CubeIDE.app/Contents/Eclipse/plugins/com.st.stm32cube.ide.mcu.externaltools.gnu-tools-for-stm32.13.3.rel1.macos64_1.0.0.202411102158/tools/bin/../lib/gcc/arm-none-eabi/13.3.1/../../../../arm-none-eabi/lib/thumb/v7e-m+fp/hard/libc_nano.a(libc_a-isattyr.o)
 .ARM.attributes
                0x00000967       0x34 /Applications/STM32CubeIDE.app/Contents/Eclipse/plugins/com.st.stm32cube.ide.mcu.externaltools.gnu-tools-for-stm32.13.3.rel1.macos64_1.0.0.202411102158/tools/bin/../lib/gcc/arm-none-eabi/13.3.1/../../../../arm-none-eabi/lib/thumb/v7e-m+fp/hard/libc_nano.a(libc_a-lseekr.o)
 .ARM.attributes
                0x0000099b       0x34 /Applications/STM32CubeIDE.app/Contents/Eclipse/plugins/com.st.stm32cube.ide.mcu.externaltools.gnu-tools-for-stm32.13.3.rel1.macos64_1.0.0.202411102158/tools/bin/../lib/gcc/arm-none-eabi/13.3.1/../../../../arm-none-eabi/lib/thumb/v7e-m+fp/hard/libc_nano.a(libc_a-readr.o)
 .ARM.attributes
                0x000009cf       0x34 /Applications/STM32CubeIDE.app/Contents/Eclipse/plugins/com.st.stm32cube.ide.mcu.externaltools.gnu-tools-for-stm32.13.3.rel1.macos64_1.0.0.202411102158/tools/bin/../lib/gcc/arm-none-eabi/13.3.1/../../../../arm-none-eabi/lib/thumb/v7e-m+fp/hard/libc_nano.a(libc_a-sbrkr.o)
 .ARM.attributes
                0x00000a03       0x34 /Applications/STM32CubeIDE.app/Contents/Eclipse/plugins/com.st.stm32cube.ide.mcu.externaltools.gnu-tools-for-stm32.13.3.rel1.macos64_1.0.0.202411102158/tools/bin/../lib/gcc/arm-none-eabi/13.3.1/../../../../arm-none-eabi/lib/thumb/v7e-m+fp/hard/libc_nano.a(libc_a-writer.o)
 .ARM.attributes
                0x00000a37       0x34 /Applications/STM32CubeIDE.app/Contents/Eclipse/plugins/com.st.stm32cube.ide.mcu.externaltools.gnu-tools-for-stm32.13.3.rel1.macos64_1.0.0.202411102158/tools/bin/../lib/gcc/arm-none-eabi/13.3.1/../../../../arm-none-eabi/lib/thumb/v7e-m+fp/hard/libc_nano.a(libc_a-closer.o)
 .ARM.attributes
                0x00000a6b       0x34 /Applications/STM32CubeIDE.app/Contents/Eclipse/plugins/com.st.stm32cube.ide.mcu.externaltools.gnu-tools-for-stm32.13.3.rel1.macos64_1.0.0.202411102158/tools/bin/../lib/gcc/arm-none-eabi/13.3.1/../../../../arm-none-eabi/lib/thumb/v7e-m+fp/hard/libc_nano.a(libc_a-reent.o)
 .ARM.attributes
                0x00000a9f       0x34 /Applications/STM32CubeIDE.app/Contents/Eclipse/plugins/com.st.stm32cube.ide.mcu.externaltools.gnu-tools-for-stm32.13.3.rel1.macos64_1.0.0.202411102158/tools/bin/../lib/gcc/arm-none-eabi/13.3.1/../../../../arm-none-eabi/lib/thumb/v7e-m+fp/hard/libc_nano.a(libc_a-fstatr.o)
 .ARM.attributes
                0x00000ad3       0x1c /Applications/STM32CubeIDE.app/Contents/Eclipse/plugins/com.st.stm32cube.ide.mcu.externaltools.gnu-tools-for-stm32.13.3.rel1.macos64_1.0.0.202411102158/tools/bin/../lib/gcc/arm-none-eabi/13.3.1/../../../../arm-none-eabi/lib/thumb/v7e-m+fp/hard/libc_nano.a(libc_a-memchr.o)
 .ARM.attributes
                0x00000aef       0x34 /Applications/STM32CubeIDE.app/Contents/Eclipse/plugins/com.st.stm32cube.ide.mcu.externaltools.gnu-tools-for-stm32.13.3.rel1.macos64_1.0.0.202411102158/tools/bin/../lib/gcc/arm-none-eabi/13.3.1/../../../../arm-none-eabi/lib/thumb/v7e-m+fp/hard/libc_nano.a(libc_a-freer.o)
 .ARM.attributes
                0x00000b23       0x22 /Applications/STM32CubeIDE.app/Contents/Eclipse/plugins/com.st.stm32cube.ide.mcu.externaltools.gnu-tools-for-stm32.13.3.rel1.macos64_1.0.0.202411102158/tools/bin/../lib/gcc/arm-none-eabi/13.3.1/thumb/v7e-m+fp/hard/libgcc.a(_aeabi_uldivmod.o)
 .ARM.attributes
                0x00000b45       0x34 /Applications/STM32CubeIDE.app/Contents/Eclipse/plugins/com.st.stm32cube.ide.mcu.externaltools.gnu-tools-for-stm32.13.3.rel1.macos64_1.0.0.202411102158/tools/bin/../lib/gcc/arm-none-eabi/13.3.1/thumb/v7e-m+fp/hard/libgcc.a(_udivmoddi4.o)
 .ARM.attributes
                0x00000b79       0x22 /Applications/STM32CubeIDE.app/Contents/Eclipse/plugins/com.st.stm32cube.ide.mcu.externaltools.gnu-tools-for-stm32.13.3.rel1.macos64_1.0.0.202411102158/tools/bin/../lib/gcc/arm-none-eabi/13.3.1/thumb/v7e-m+fp/hard/libgcc.a(_dvmd_tls.o)
 .ARM.attributes
                0x00000b9b       0x22 /Applications/STM32CubeIDE.app/Contents/Eclipse/plugins/com.st.stm32cube.ide.mcu.externaltools.gnu-tools-for-stm32.13.3.rel1.macos64_1.0.0.202411102158/tools/bin/../lib/gcc/arm-none-eabi/13.3.1/thumb/v7e-m+fp/hard/crtn.o
OUTPUT(CGreenFinalProject.elf elf32-littlearm)
LOAD linker stubs
LOAD /Applications/STM32CubeIDE.app/Contents/Eclipse/plugins/com.st.stm32cube.ide.mcu.externaltools.gnu-tools-for-stm32.13.3.rel1.macos64_1.0.0.202411102158/tools/bin/../lib/gcc/arm-none-eabi/13.3.1/../../../../arm-none-eabi/lib/thumb/v7e-m+fp/hard/libc.a
LOAD /Applications/STM32CubeIDE.app/Contents/Eclipse/plugins/com.st.stm32cube.ide.mcu.externaltools.gnu-tools-for-stm32.13.3.rel1.macos64_1.0.0.202411102158/tools/bin/../lib/gcc/arm-none-eabi/13.3.1/../../../../arm-none-eabi/lib/thumb/v7e-m+fp/hard/libm.a
LOAD /Applications/STM32CubeIDE.app/Contents/Eclipse/plugins/com.st.stm32cube.ide.mcu.externaltools.gnu-tools-for-stm32.13.3.rel1.macos64_1.0.0.202411102158/tools/bin/../lib/gcc/arm-none-eabi/13.3.1/thumb/v7e-m+fp/hard/libgcc.a

.debug_info     0x00000000    0x13864
 .debug_info    0x00000000      0x574 ./Core/Src/ApplicationCode.o
 .debug_info    0x00000574      0x699 ./Core/Src/Button_Driver.o
 .debug_info    0x00000c0d      0xfcc ./Core/Src/LCD_Driver.o
 .debug_info    0x00001bd9       0xf7 ./Core/Src/Scheduler.o
 .debug_info    0x00001cd0      0x145 ./Core/Src/fonts.o
 .debug_info    0x00001e15      0xc85 ./Core/Src/ili9341.o
 .debug_info    0x00002a9a     0x1974 ./Core/Src/main.o
 .debug_info    0x0000440e     0x17b6 ./Core/Src/stm32f4xx_hal_msp.o
 .debug_info    0x00005bc4      0x112 ./Core/Src/stm32f4xx_it.o
 .debug_info    0x00005cd6      0xdd6 ./Core/Src/stmpe811.o
 .debug_info    0x00006aac      0x6a3 ./Core/Src/syscalls.o
 .debug_info    0x0000714f      0x168 ./Core/Src/sysmem.o
 .debug_info    0x000072b7      0x52e ./Core/Src/system_stm32f4xx.o
 .debug_info    0x000077e5       0x30 ./Core/Startup/startup_stm32f429zitx.o
 .debug_info    0x00007815      0x9ba ./Drivers/STM32F4xx_HAL_Driver/Src/stm32f4xx_hal.o
 .debug_info    0x000081cf      0xdc2 ./Drivers/STM32F4xx_HAL_Driver/Src/stm32f4xx_hal_cortex.o
 .debug_info    0x00008f91      0x6db ./Drivers/STM32F4xx_HAL_Driver/Src/stm32f4xx_hal_gpio.o
 .debug_info    0x0000966c     0x2421 ./Drivers/STM32F4xx_HAL_Driver/Src/stm32f4xx_hal_i2c.o
 .debug_info    0x0000ba8d      0x672 ./Drivers/STM32F4xx_HAL_Driver/Src/stm32f4xx_hal_i2c_ex.o
 .debug_info    0x0000c0ff     0x1022 ./Drivers/STM32F4xx_HAL_Driver/Src/stm32f4xx_hal_ltdc.o
 .debug_info    0x0000d121      0x8c7 ./Drivers/STM32F4xx_HAL_Driver/Src/stm32f4xx_hal_rcc.o
 .debug_info    0x0000d9e8      0x64c ./Drivers/STM32F4xx_HAL_Driver/Src/stm32f4xx_hal_rcc_ex.o
 .debug_info    0x0000e034      0x493 ./Drivers/STM32F4xx_HAL_Driver/Src/stm32f4xx_hal_rng.o
 .debug_info    0x0000e4c7     0x1525 ./Drivers/STM32F4xx_HAL_Driver/Src/stm32f4xx_hal_spi.o
 .debug_info    0x0000f9ec     0x299d ./Drivers/STM32F4xx_HAL_Driver/Src/stm32f4xx_hal_tim.o
 .debug_info    0x00012389     0x14db ./Drivers/STM32F4xx_HAL_Driver/Src/stm32f4xx_hal_tim_ex.o

.debug_abbrev   0x00000000     0x31a7
 .debug_abbrev  0x00000000      0x1c7 ./Core/Src/ApplicationCode.o
 .debug_abbrev  0x000001c7      0x1b5 ./Core/Src/Button_Driver.o
 .debug_abbrev  0x0000037c      0x32c ./Core/Src/LCD_Driver.o
 .debug_abbrev  0x000006a8       0x96 ./Core/Src/Scheduler.o
 .debug_abbrev  0x0000073e       0xc6 ./Core/Src/fonts.o
 .debug_abbrev  0x00000804      0x2c9 ./Core/Src/ili9341.o
 .debug_abbrev  0x00000acd      0x2b6 ./Core/Src/main.o
 .debug_abbrev  0x00000d83      0x25c ./Core/Src/stm32f4xx_hal_msp.o
 .debug_abbrev  0x00000fdf       0x73 ./Core/Src/stm32f4xx_it.o
 .debug_abbrev  0x00001052      0x2c9 ./Core/Src/stmpe811.o
 .debug_abbrev  0x0000131b      0x1b6 ./Core/Src/syscalls.o
 .debug_abbrev  0x000014d1       0xbc ./Core/Src/sysmem.o
 .debug_abbrev  0x0000158d      0x11a ./Core/Src/system_stm32f4xx.o
 .debug_abbrev  0x000016a7       0x24 ./Core/Startup/startup_stm32f429zitx.o
 .debug_abbrev  0x000016cb      0x214 ./Drivers/STM32F4xx_HAL_Driver/Src/stm32f4xx_hal.o
 .debug_abbrev  0x000018df      0x31d ./Drivers/STM32F4xx_HAL_Driver/Src/stm32f4xx_hal_cortex.o
 .debug_abbrev  0x00001bfc      0x1d4 ./Drivers/STM32F4xx_HAL_Driver/Src/stm32f4xx_hal_gpio.o
 .debug_abbrev  0x00001dd0      0x2ad ./Drivers/STM32F4xx_HAL_Driver/Src/stm32f4xx_hal_i2c.o
 .debug_abbrev  0x0000207d      0x157 ./Drivers/STM32F4xx_HAL_Driver/Src/stm32f4xx_hal_i2c_ex.o
 .debug_abbrev  0x000021d4      0x233 ./Drivers/STM32F4xx_HAL_Driver/Src/stm32f4xx_hal_ltdc.o
 .debug_abbrev  0x00002407      0x2b7 ./Drivers/STM32F4xx_HAL_Driver/Src/stm32f4xx_hal_rcc.o
 .debug_abbrev  0x000026be      0x1b0 ./Drivers/STM32F4xx_HAL_Driver/Src/stm32f4xx_hal_rcc_ex.o
 .debug_abbrev  0x0000286e      0x1c4 ./Drivers/STM32F4xx_HAL_Driver/Src/stm32f4xx_hal_rng.o
 .debug_abbrev  0x00002a32      0x27a ./Drivers/STM32F4xx_HAL_Driver/Src/stm32f4xx_hal_spi.o
 .debug_abbrev  0x00002cac      0x278 ./Drivers/STM32F4xx_HAL_Driver/Src/stm32f4xx_hal_tim.o
 .debug_abbrev  0x00002f24      0x283 ./Drivers/STM32F4xx_HAL_Driver/Src/stm32f4xx_hal_tim_ex.o

.debug_aranges  0x00000000     0x1428
 .debug_aranges
                0x00000000       0x68 ./Core/Src/ApplicationCode.o
 .debug_aranges
                0x00000068       0x30 ./Core/Src/Button_Driver.o
 .debug_aranges
                0x00000098       0xb8 ./Core/Src/LCD_Driver.o
 .debug_aranges
                0x00000150       0x30 ./Core/Src/Scheduler.o
 .debug_aranges
                0x00000180       0x18 ./Core/Src/fonts.o
 .debug_aranges
                0x00000198       0x98 ./Core/Src/ili9341.o
 .debug_aranges
                0x00000230       0x68 ./Core/Src/main.o
 .debug_aranges
                0x00000298       0x70 ./Core/Src/stm32f4xx_hal_msp.o
 .debug_aranges
                0x00000308       0x60 ./Core/Src/stm32f4xx_it.o
 .debug_aranges
                0x00000368       0x88 ./Core/Src/stmpe811.o
 .debug_aranges
                0x000003f0       0xa8 ./Core/Src/syscalls.o
 .debug_aranges
                0x00000498       0x20 ./Core/Src/sysmem.o
 .debug_aranges
                0x000004b8       0x28 ./Core/Src/system_stm32f4xx.o
 .debug_aranges
                0x000004e0       0x28 ./Core/Startup/startup_stm32f429zitx.o
 .debug_aranges
                0x00000508      0x100 ./Drivers/STM32F4xx_HAL_Driver/Src/stm32f4xx_hal.o
 .debug_aranges
                0x00000608      0x130 ./Drivers/STM32F4xx_HAL_Driver/Src/stm32f4xx_hal_cortex.o
 .debug_aranges
                0x00000738       0x58 ./Drivers/STM32F4xx_HAL_Driver/Src/stm32f4xx_hal_gpio.o
 .debug_aranges
                0x00000790      0x2a8 ./Drivers/STM32F4xx_HAL_Driver/Src/stm32f4xx_hal_i2c.o
 .debug_aranges
                0x00000a38       0x28 ./Drivers/STM32F4xx_HAL_Driver/Src/stm32f4xx_hal_i2c_ex.o
 .debug_aranges
                0x00000a60      0x158 ./Drivers/STM32F4xx_HAL_Driver/Src/stm32f4xx_hal_ltdc.o
 .debug_aranges
                0x00000bb8       0x88 ./Drivers/STM32F4xx_HAL_Driver/Src/stm32f4xx_hal_rcc.o
 .debug_aranges
                0x00000c40       0x58 ./Drivers/STM32F4xx_HAL_Driver/Src/stm32f4xx_hal_rcc_ex.o
 .debug_aranges
                0x00000c98       0x88 ./Drivers/STM32F4xx_HAL_Driver/Src/stm32f4xx_hal_rng.o
 .debug_aranges
                0x00000d20      0x1d0 ./Drivers/STM32F4xx_HAL_Driver/Src/stm32f4xx_hal_spi.o
 .debug_aranges
                0x00000ef0      0x3d0 ./Drivers/STM32F4xx_HAL_Driver/Src/stm32f4xx_hal_tim.o
 .debug_aranges
                0x000012c0      0x168 ./Drivers/STM32F4xx_HAL_Driver/Src/stm32f4xx_hal_tim_ex.o

.debug_rnglists
                0x00000000      0xf81
 .debug_rnglists
                0x00000000       0x4c ./Core/Src/ApplicationCode.o
 .debug_rnglists
                0x0000004c       0x1f ./Core/Src/Button_Driver.o
 .debug_rnglists
                0x0000006b       0x8b ./Core/Src/LCD_Driver.o
 .debug_rnglists
                0x000000f6       0x1f ./Core/Src/Scheduler.o
 .debug_rnglists
                0x00000115       0x6f ./Core/Src/ili9341.o
 .debug_rnglists
                0x00000184       0x4e ./Core/Src/main.o
 .debug_rnglists
                0x000001d2       0x53 ./Core/Src/stm32f4xx_hal_msp.o
 .debug_rnglists
                0x00000225       0x43 ./Core/Src/stm32f4xx_it.o
 .debug_rnglists
                0x00000268       0x67 ./Core/Src/stmpe811.o
 .debug_rnglists
                0x000002cf       0x79 ./Core/Src/syscalls.o
 .debug_rnglists
                0x00000348       0x13 ./Core/Src/sysmem.o
 .debug_rnglists
                0x0000035b       0x1a ./Core/Src/system_stm32f4xx.o
 .debug_rnglists
                0x00000375       0x19 ./Core/Startup/startup_stm32f429zitx.o
 .debug_rnglists
                0x0000038e       0xbb ./Drivers/STM32F4xx_HAL_Driver/Src/stm32f4xx_hal.o
 .debug_rnglists
                0x00000449       0xe0 ./Drivers/STM32F4xx_HAL_Driver/Src/stm32f4xx_hal_cortex.o
 .debug_rnglists
                0x00000529       0x3f ./Drivers/STM32F4xx_HAL_Driver/Src/stm32f4xx_hal_gpio.o
 .debug_rnglists
                0x00000568      0x23c ./Drivers/STM32F4xx_HAL_Driver/Src/stm32f4xx_hal_i2c.o
 .debug_rnglists
                0x000007a4       0x19 ./Drivers/STM32F4xx_HAL_Driver/Src/stm32f4xx_hal_i2c_ex.o
 .debug_rnglists
                0x000007bd      0x10a ./Drivers/STM32F4xx_HAL_Driver/Src/stm32f4xx_hal_ltdc.o
 .debug_rnglists
                0x000008c7       0x66 ./Drivers/STM32F4xx_HAL_Driver/Src/stm32f4xx_hal_rcc.o
 .debug_rnglists
                0x0000092d       0x43 ./Drivers/STM32F4xx_HAL_Driver/Src/stm32f4xx_hal_rcc_ex.o
 .debug_rnglists
                0x00000970       0x63 ./Drivers/STM32F4xx_HAL_Driver/Src/stm32f4xx_hal_rng.o
 .debug_rnglists
                0x000009d3      0x16f ./Drivers/STM32F4xx_HAL_Driver/Src/stm32f4xx_hal_spi.o
 .debug_rnglists
                0x00000b42      0x31a ./Drivers/STM32F4xx_HAL_Driver/Src/stm32f4xx_hal_tim.o
 .debug_rnglists
                0x00000e5c      0x125 ./Drivers/STM32F4xx_HAL_Driver/Src/stm32f4xx_hal_tim_ex.o

.debug_macro    0x00000000    0x27008
 .debug_macro   0x00000000      0x33e ./Core/Src/ApplicationCode.o
 .debug_macro   0x0000033e      0xad8 ./Core/Src/ApplicationCode.o
 .debug_macro   0x00000e16      0x2ad ./Core/Src/ApplicationCode.o
 .debug_macro   0x000010c3       0x2e ./Core/Src/ApplicationCode.o
 .debug_macro   0x000010f1       0x28 ./Core/Src/ApplicationCode.o
 .debug_macro   0x00001119       0x22 ./Core/Src/ApplicationCode.o
 .debug_macro   0x0000113b       0x8e ./Core/Src/ApplicationCode.o
 .debug_macro   0x000011c9       0x51 ./Core/Src/ApplicationCode.o
 .debug_macro   0x0000121a      0x103 ./Core/Src/ApplicationCode.o
 .debug_macro   0x0000131d       0x6a ./Core/Src/ApplicationCode.o
 .debug_macro   0x00001387      0x1df ./Core/Src/ApplicationCode.o
 .debug_macro   0x00001566       0x1c ./Core/Src/ApplicationCode.o
 .debug_macro   0x00001582       0x22 ./Core/Src/ApplicationCode.o
 .debug_macro   0x000015a4       0xfb ./Core/Src/ApplicationCode.o
 .debug_macro   0x0000169f     0x1011 ./Core/Src/ApplicationCode.o
 .debug_macro   0x000026b0      0x11f ./Core/Src/ApplicationCode.o
 .debug_macro   0x000027cf    0x17fd8 ./Core/Src/ApplicationCode.o
 .debug_macro   0x0001a7a7       0x6d ./Core/Src/ApplicationCode.o
 .debug_macro   0x0001a814     0x3711 ./Core/Src/ApplicationCode.o
 .debug_macro   0x0001df25      0x190 ./Core/Src/ApplicationCode.o
 .debug_macro   0x0001e0b5       0x5c ./Core/Src/ApplicationCode.o
 .debug_macro   0x0001e111      0xcba ./Core/Src/ApplicationCode.o
 .debug_macro   0x0001edcb      0x9e9 ./Core/Src/ApplicationCode.o
 .debug_macro   0x0001f7b4      0x115 ./Core/Src/ApplicationCode.o
 .debug_macro   0x0001f8c9      0x156 ./Core/Src/ApplicationCode.o
 .debug_macro   0x0001fa1f       0xa5 ./Core/Src/ApplicationCode.o
 .debug_macro   0x0001fac4      0x182 ./Core/Src/ApplicationCode.o
 .debug_macro   0x0001fc46      0x287 ./Core/Src/ApplicationCode.o
 .debug_macro   0x0001fecd       0x5f ./Core/Src/ApplicationCode.o
 .debug_macro   0x0001ff2c      0x236 ./Core/Src/ApplicationCode.o
 .debug_macro   0x00020162      0x132 ./Core/Src/ApplicationCode.o
 .debug_macro   0x00020294      0x41d ./Core/Src/ApplicationCode.o
 .debug_macro   0x000206b1       0x2e ./Core/Src/ApplicationCode.o
 .debug_macro   0x000206df      0x1b5 ./Core/Src/ApplicationCode.o
 .debug_macro   0x00020894       0x22 ./Core/Src/ApplicationCode.o
 .debug_macro   0x000208b6       0xd6 ./Core/Src/ApplicationCode.o
 .debug_macro   0x0002098c      0x198 ./Core/Src/ApplicationCode.o
 .debug_macro   0x00020b24       0xd6 ./Core/Src/ApplicationCode.o
 .debug_macro   0x00020bfa      0x127 ./Core/Src/ApplicationCode.o
 .debug_macro   0x00020d21       0xe2 ./Core/Src/ApplicationCode.o
 .debug_macro   0x00020e03       0x89 ./Core/Src/ApplicationCode.o
 .debug_macro   0x00020e8c       0xa4 ./Core/Src/ApplicationCode.o
 .debug_macro   0x00020f30      0x225 ./Core/Src/ApplicationCode.o
 .debug_macro   0x00021155      0x8ed ./Core/Src/ApplicationCode.o
 .debug_macro   0x00021a42       0x4d ./Core/Src/ApplicationCode.o
 .debug_macro   0x00021a8f      0x134 ./Core/Src/ApplicationCode.o
 .debug_macro   0x00021bc3      0x332 ./Core/Src/ApplicationCode.o
 .debug_macro   0x00021ef5       0x22 ./Core/Src/ApplicationCode.o
 .debug_macro   0x00021f17      0x173 ./Core/Src/ApplicationCode.o
 .debug_macro   0x0002208a       0x88 ./Core/Src/ApplicationCode.o
 .debug_macro   0x00022112       0x10 ./Core/Src/ApplicationCode.o
 .debug_macro   0x00022122       0x1c ./Core/Src/ApplicationCode.o
 .debug_macro   0x0002213e       0x61 ./Core/Src/ApplicationCode.o
 .debug_macro   0x0002219f       0x2a ./Core/Src/ApplicationCode.o
 .debug_macro   0x000221c9       0x43 ./Core/Src/ApplicationCode.o
 .debug_macro   0x0002220c       0x34 ./Core/Src/ApplicationCode.o
 .debug_macro   0x00022240       0x16 ./Core/Src/ApplicationCode.o
 .debug_macro   0x00022256       0x3c ./Core/Src/ApplicationCode.o
 .debug_macro   0x00022292      0x370 ./Core/Src/ApplicationCode.o
 .debug_macro   0x00022602       0x10 ./Core/Src/ApplicationCode.o
 .debug_macro   0x00022612       0x16 ./Core/Src/ApplicationCode.o
 .debug_macro   0x00022628       0x4a ./Core/Src/ApplicationCode.o
 .debug_macro   0x00022672       0x34 ./Core/Src/ApplicationCode.o
 .debug_macro   0x000226a6       0x10 ./Core/Src/ApplicationCode.o
 .debug_macro   0x000226b6       0x58 ./Core/Src/ApplicationCode.o
 .debug_macro   0x0002270e       0x8e ./Core/Src/ApplicationCode.o
 .debug_macro   0x0002279c       0x1c ./Core/Src/ApplicationCode.o
 .debug_macro   0x000227b8      0x185 ./Core/Src/ApplicationCode.o
 .debug_macro   0x0002293d       0x16 ./Core/Src/ApplicationCode.o
 .debug_macro   0x00022953       0x16 ./Core/Src/ApplicationCode.o
 .debug_macro   0x00022969      0x146 ./Core/Src/ApplicationCode.o
 .debug_macro   0x00022aaf       0x3a ./Core/Src/ApplicationCode.o
 .debug_macro   0x00022ae9      0x233 ./Core/Src/Button_Driver.o
 .debug_macro   0x00022d1c      0x245 ./Core/Src/LCD_Driver.o
 .debug_macro   0x00022f61       0x72 ./Core/Src/Scheduler.o
 .debug_macro   0x00022fd3       0x2e ./Core/Src/Scheduler.o