../Core/Src/ApplicationCode.c:45:6:ApplicationInit	8	static
../Core/Src/ApplicationCode.c:70:6:LCD_Draw_Rect	32	static
../Core/Src/ApplicationCode.c:84:6:LCD_DisplayString	24	static
../Core/Src/ApplicationCode.c:99:6:drawMenuScreen	24	static
../Core/Src/ApplicationCode.c:118:10:getSlotColor	16	static
../Core/Src/ApplicationCode.c:130:6:initializeGameBoard	16	static
../Core/Src/ApplicationCode.c:139:6:drawGameBoard	32	static
../Core/Src/ApplicationCode.c:164:6:drawGameOverScreen	80	static
../Core/Src/ApplicationCode.c:221:6:drawPreviewCoin	16	static
../Core/Src/ApplicationCode.c:242:5:findLowestEmptyRow	24	static
../Core/Src/ApplicationCode.c:255:6:dropCoin	24	static
../Core/Src/ApplicationCode.c:331:6:handleTouchInput	32	static
../Core/Src/ApplicationCode.c:404:6:isTouchInside	16	static
../Core/Src/ApplicationCode.c:409:6:handleGameTouchInput	16	static
../Core/Src/ApplicationCode.c:430:6:pollHardwareButton	16	static
../Core/Src/ApplicationCode.c:455:6:handleAITurn	48	static
../Core/Src/ApplicationCode.c:550:6:canPlayerWinByMovingHere	24	static
../Core/Src/ApplicationCode.c:572:6:checkWin	48	static
../Core/Src/ApplicationCode.c:624:6:checkTie	16	static
