../Core/Src/ApplicationCode.c:42:6:ApplicationInit	8	static
../Core/Src/ApplicationCode.c:64:6:LCD_Draw_Rect	32	static
../Core/Src/ApplicationCode.c:78:6:LCD_DisplayString	24	static
../Core/Src/ApplicationCode.c:94:6:drawMenuScreen	24	static
../Core/Src/ApplicationCode.c:113:10:getSlotColor	16	static
../Core/Src/ApplicationCode.c:125:6:initializeGameBoard	16	static
../Core/Src/ApplicationCode.c:134:6:drawGameBoard	32	static
../Core/Src/ApplicationCode.c:159:6:drawGameOverScreen	80	static
../Core/Src/ApplicationCode.c:216:6:drawPreviewCoin	16	static
../Core/Src/ApplicationCode.c:237:5:findLowestEmptyRow	24	static
../Core/Src/ApplicationCode.c:250:6:dropCoin	24	static
../Core/Src/ApplicationCode.c:325:6:handleTouchInput	32	static
../Core/Src/ApplicationCode.c:389:6:isTouchInside	16	static
../Core/Src/ApplicationCode.c:394:6:handleGameTouchInput	16	static
../Core/Src/ApplicationCode.c:415:6:pollHardwareButton	16	static
../Core/Src/ApplicationCode.c:437:6:handleAITurn	48	static
../Core/Src/ApplicationCode.c:532:6:canPlayerWinByMovingHere	24	static
../Core/Src/ApplicationCode.c:554:6:checkWin	48	static
../Core/Src/ApplicationCode.c:606:6:checkTie	16	static
