../Core/Src/LCD_Driver.c:33:6:LCD_GPIO_Init	56	static
../Core/Src/LCD_Driver.c:116:6:LTCD_Layer_Init	72	static
../Core/Src/LCD_Driver.c:143:6:clearScreen	8	static
../Core/Src/LCD_Driver.c:148:6:LTCD__Init	8	static
../Core/Src/LCD_Driver.c:207:6:LCD_Draw_Pixel	16	static
../Core/Src/LCD_Driver.c:217:6:LCD_Draw_Circle_Fill	32	static
../Core/Src/LCD_Driver.c:231:6:LCD_Fill_Rect	32	static
../Core/Src/LCD_Driver.c:246:6:LCD_Draw_Vertical_Line	32	static
../Core/Src/LCD_Driver.c:254:6:LCD_Clear	24	static
../Core/Src/LCD_Driver.c:265:6:LCD_SetTextColor	16	static
../Core/Src/LCD_Driver.c:271:6:LCD_SetFont	16	static
../Core/Src/LCD_Driver.c:277:6:LCD_Draw_Char	24	static
../Core/Src/LCD_Driver.c:297:6:LCD_DisplayChar	16	static
../Core/Src/LCD_Driver.c:303:6:startMenu	8	static
../Core/Src/LCD_Driver.c:311:6:visualDemo	16	static
../Core/Src/LCD_Driver.c:361:6:LCD_Error_Handler	4	static,ignoring_inline_asm
../Core/Src/LCD_Driver.c:376:6:InitializeLCDTouch	8	static
../Core/Src/LCD_Driver.c:384:18:returnTouchStateAndLocation	16	static
../Core/Src/LCD_Driver.c:389:6:DetermineTouchPosition	16	static
../Core/Src/LCD_Driver.c:394:9:ReadRegisterFromTouchModule	16	static
../Core/Src/LCD_Driver.c:399:6:WriteDataToTouchModule	16	static
