../Core/Src/main.c:80:5:main	8	static
../Core/Src/main.c:133:6:Scheduler_Run	16	static
../Core/Src/main.c:168:6:SystemClock_Config	88	static
../Core/Src/main.c:214:13:MX_I2C3_Init	8	static
../Core/Src/main.c:262:13:MX_LTDC_Init	112	static
../Core/Src/main.c:344:13:MX_RNG_Init	8	static
../Core/Src/main.c:370:13:MX_SPI5_Init	8	static
../Core/Src/main.c:408:13:MX_TIM2_Init	32	static
../Core/Src/main.c:453:13:MX_GPIO_Init	64	static
../Core/Src/main.c:627:6:Error_Handler	4	static,ignoring_inline_asm
